Component: ARM Compiler 5.06 update 1 (build 61) Tool: armlink [4d35a8]

==============================================================================

Section Cross References

    startup_stm32f334x8.o(RESET) refers to startup_stm32f334x8.o(STACK) for __initial_sp
    startup_stm32f334x8.o(RESET) refers to startup_stm32f334x8.o(.text) for Reset_Handler
    startup_stm32f334x8.o(RESET) refers to stm32f3xx_it.o(i.NMI_Handler) for NMI_Handler
    startup_stm32f334x8.o(RESET) refers to stm32f3xx_it.o(i.HardFault_Handler) for HardFault_Handler
    startup_stm32f334x8.o(RESET) refers to stm32f3xx_it.o(i.MemManage_Handler) for MemManage_Handler
    startup_stm32f334x8.o(RESET) refers to stm32f3xx_it.o(i.BusFault_Handler) for BusFault_Handler
    startup_stm32f334x8.o(RESET) refers to stm32f3xx_it.o(i.UsageFault_Handler) for UsageFault_Handler
    startup_stm32f334x8.o(RESET) refers to stm32f3xx_it.o(i.SVC_Handler) for SVC_Handler
    startup_stm32f334x8.o(RESET) refers to stm32f3xx_it.o(i.DebugMon_Handler) for DebugMon_Handler
    startup_stm32f334x8.o(RESET) refers to stm32f3xx_it.o(i.PendSV_Handler) for PendSV_Handler
    startup_stm32f334x8.o(RESET) refers to stm32f3xx_it.o(i.SysTick_Handler) for SysTick_Handler
    startup_stm32f334x8.o(RESET) refers to stm32f3xx_it.o(i.HRTIM1_TIMA_IRQHandler) for HRTIM1_TIMA_IRQHandler
    startup_stm32f334x8.o(.text) refers to system_stm32f30x.o(i.SystemInit) for SystemInit
    startup_stm32f334x8.o(.text) refers to entry.o(.ARM.Collect$$$$00000000) for __main
    stm32f30x_adc.o(i.ADC_DeInit) refers to stm32f30x_rcc.o(i.RCC_AHBPeriphResetCmd) for RCC_AHBPeriphResetCmd
    stm32f30x_can.o(i.CAN_DeInit) refers to stm32f30x_rcc.o(i.RCC_APB1PeriphResetCmd) for RCC_APB1PeriphResetCmd
    stm32f30x_can.o(i.CAN_GetITStatus) refers to stm32f30x_can.o(i.CheckITStatus) for CheckITStatus
    stm32f30x_dac.o(i.DAC_DeInit) refers to stm32f30x_rcc.o(i.RCC_APB1PeriphResetCmd) for RCC_APB1PeriphResetCmd
    stm32f30x_flash.o(i.FLASH_EraseAllPages) refers to stm32f30x_flash.o(i.FLASH_WaitForLastOperation) for FLASH_WaitForLastOperation
    stm32f30x_flash.o(i.FLASH_ErasePage) refers to stm32f30x_flash.o(i.FLASH_WaitForLastOperation) for FLASH_WaitForLastOperation
    stm32f30x_flash.o(i.FLASH_OB_BOOTConfig) refers to stm32f30x_flash.o(i.FLASH_WaitForLastOperation) for FLASH_WaitForLastOperation
    stm32f30x_flash.o(i.FLASH_OB_EnableWRP) refers to stm32f30x_flash.o(i.FLASH_WaitForLastOperation) for FLASH_WaitForLastOperation
    stm32f30x_flash.o(i.FLASH_OB_Erase) refers to stm32f30x_flash.o(i.FLASH_OB_GetRDP) for FLASH_OB_GetRDP
    stm32f30x_flash.o(i.FLASH_OB_Erase) refers to stm32f30x_flash.o(i.FLASH_WaitForLastOperation) for FLASH_WaitForLastOperation
    stm32f30x_flash.o(i.FLASH_OB_RDPConfig) refers to stm32f30x_flash.o(i.FLASH_WaitForLastOperation) for FLASH_WaitForLastOperation
    stm32f30x_flash.o(i.FLASH_OB_SRAMParityConfig) refers to stm32f30x_flash.o(i.FLASH_WaitForLastOperation) for FLASH_WaitForLastOperation
    stm32f30x_flash.o(i.FLASH_OB_UserConfig) refers to stm32f30x_flash.o(i.FLASH_WaitForLastOperation) for FLASH_WaitForLastOperation
    stm32f30x_flash.o(i.FLASH_OB_VDDAConfig) refers to stm32f30x_flash.o(i.FLASH_WaitForLastOperation) for FLASH_WaitForLastOperation
    stm32f30x_flash.o(i.FLASH_OB_WriteUser) refers to stm32f30x_flash.o(i.FLASH_WaitForLastOperation) for FLASH_WaitForLastOperation
    stm32f30x_flash.o(i.FLASH_ProgramHalfWord) refers to stm32f30x_flash.o(i.FLASH_WaitForLastOperation) for FLASH_WaitForLastOperation
    stm32f30x_flash.o(i.FLASH_ProgramOptionByteData) refers to stm32f30x_flash.o(i.FLASH_WaitForLastOperation) for FLASH_WaitForLastOperation
    stm32f30x_flash.o(i.FLASH_ProgramWord) refers to stm32f30x_flash.o(i.FLASH_WaitForLastOperation) for FLASH_WaitForLastOperation
    stm32f30x_flash.o(i.FLASH_WaitForLastOperation) refers to stm32f30x_flash.o(i.FLASH_GetStatus) for FLASH_GetStatus
    stm32f30x_gpio.o(i.GPIO_DeInit) refers to stm32f30x_rcc.o(i.RCC_AHBPeriphResetCmd) for RCC_AHBPeriphResetCmd
    stm32f30x_hrtim.o(i.HRTIM_DeInit) refers to stm32f30x_rcc.o(i.RCC_APB2PeriphResetCmd) for RCC_APB2PeriphResetCmd
    stm32f30x_hrtim.o(i.HRTIM_EventConfig) refers to stm32f30x_hrtim.o(i.HRTIM_ExternalEventConfig) for HRTIM_ExternalEventConfig
    stm32f30x_hrtim.o(i.HRTIM_SimpleBaseStart) refers to stm32f30x_hrtim.o(.data) for .data
    stm32f30x_hrtim.o(i.HRTIM_SimpleBaseStop) refers to stm32f30x_hrtim.o(.data) for .data
    stm32f30x_hrtim.o(i.HRTIM_SimpleBase_Init) refers to stm32f30x_hrtim.o(i.HRTIM_TimingUnitBase_Config) for HRTIM_TimingUnitBase_Config
    stm32f30x_hrtim.o(i.HRTIM_SimpleBase_Init) refers to stm32f30x_hrtim.o(i.HRTIM_MasterBase_Config) for HRTIM_MasterBase_Config
    stm32f30x_hrtim.o(i.HRTIM_SimpleCaptureChannelConfig) refers to stm32f30x_hrtim.o(i.HRTIM_ExternalEventConfig) for HRTIM_ExternalEventConfig
    stm32f30x_hrtim.o(i.HRTIM_SimpleCaptureStart) refers to stm32f30x_hrtim.o(.data) for .data
[...]
    main.o(i.main) refers to stm32f30x_hrtim.o(i.HRTIM_WaveformOutputStart) for HRTIM_WaveformOutputStart
    main.o(i.main) refers to stm32f30x_hrtim.o(i.HRTIM_GetCommonFlagStatus) for HRTIM_GetCommonFlagStatus
    main.o(i.main) refers to stm32f3348_discovery.o(i.STM_EVAL_LEDToggle) for STM_EVAL_LEDToggle
    main.o(i.main) refers to stm32f30x_adc.o(i.ADC_GetInjectedConversionValue) for ADC_GetInjectedConversionValue
    main.o(i.main) refers to system_stm32f30x.o(.data) for SystemCoreClock
    main.o(i.main) refers to main.o(.data) for .data
    stm32f3xx_it.o(i.HRTIM1_TIMA_IRQHandler) refers to stm32f3348_discovery.o(i.STM_EVAL_LEDToggle) for STM_EVAL_LEDToggle
    stm32f3xx_it.o(i.HRTIM1_TIMA_IRQHandler) refers to stm32f30x_hrtim.o(i.HRTIM_ClearITPendingBit) for HRTIM_ClearITPendingBit
    stm32f3xx_it.o(i.SysTick_Handler) refers to main.o(i.TimingDelay_Decrement) for TimingDelay_Decrement
    system_stm32f30x.o(i.SystemCoreClockUpdate) refers to system_stm32f30x.o(.data) for .data
    system_stm32f30x.o(i.SystemInit) refers to system_stm32f30x.o(i.SetSysClock) for SetSysClock
    entry.o(.ARM.Collect$$$$00000000) refers (Special) to entry10a.o(.ARM.Collect$$$$0000000D) for __rt_final_cpp
    entry.o(.ARM.Collect$$$$00000000) refers (Special) to entry11a.o(.ARM.Collect$$$$0000000F) for __rt_final_exit
    entry.o(.ARM.Collect$$$$00000000) refers (Special) to entry7b.o(.ARM.Collect$$$$00000008) for _main_clock
    entry.o(.ARM.Collect$$$$00000000) refers (Special) to entry8b.o(.ARM.Collect$$$$0000000A) for _main_cpp_init
    entry.o(.ARM.Collect$$$$00000000) refers (Special) to entry9a.o(.ARM.Collect$$$$0000000B) for _main_init
    entry.o(.ARM.Collect$$$$00000000) refers (Special) to entry5.o(.ARM.Collect$$$$00000004) for _main_scatterload
    entry.o(.ARM.Collect$$$$00000000) refers (Special) to entry2.o(.ARM.Collect$$$$00000001) for _main_stk
    entry2.o(.ARM.Collect$$$$00000001) refers to entry2.o(.ARM.Collect$$$$00002712) for __lit__00000000
    entry2.o(.ARM.Collect$$$$00002712) refers to startup_stm32f334x8.o(STACK) for __initial_sp
    entry2.o(__vectab_stack_and_reset_area) refers to startup_stm32f334x8.o(STACK) for __initial_sp
    entry2.o(__vectab_stack_and_reset_area) refers to entry.o(.ARM.Collect$$$$00000000) for __main
    entry5.o(.ARM.Collect$$$$00000004) refers to init.o(.text) for __scatterload
    entry9a.o(.ARM.Collect$$$$0000000B) refers to main.o(i.main) for main
    entry9b.o(.ARM.Collect$$$$0000000C) refers to main.o(i.main) for main
    init.o(.text) refers to entry5.o(.ARM.Collect$$$$00000004) for __main_after_scatterload


==============================================================================

Removing Unused input sections from the image.

    Removing startup_stm32f334x8.o(HEAP), (512 bytes).
    Removing stm32f30x_adc.o(.rev16_text), (4 bytes).
    Removing stm32f30x_adc.o(.revsh_text), (4 bytes).
    Removing stm32f30x_adc.o(i.ADC_AnalogWatchdog1SingleChannelConfig), (14 bytes).
    Removing stm32f30x_adc.o(i.ADC_AnalogWatchdog1ThresholdsConfig), (40 bytes).
    Removing stm32f30x_adc.o(i.ADC_AnalogWatchdog2SingleChannelConfig), (28 bytes).
    Removing stm32f30x_adc.o(i.ADC_AnalogWatchdog2ThresholdsConfig), (32 bytes).
    Removing stm32f30x_adc.o(i.ADC_AnalogWatchdog3SingleChannelConfig), (28 bytes).
    Removing stm32f30x_adc.o(i.ADC_AnalogWatchdog3ThresholdsConfig), (32 bytes).
    Removing stm32f30x_adc.o(i.ADC_AnalogWatchdogCmd), (12 bytes).
    Removing stm32f30x_adc.o(i.ADC_AutoDelayCmd), (20 bytes).
    Removing stm32f30x_adc.o(i.ADC_AutoInjectedConvCmd), (20 bytes).
    Removing stm32f30x_adc.o(i.ADC_ChannelOffset1Cmd), (20 bytes).
    Removing stm32f30x_adc.o(i.ADC_ChannelOffset2Cmd), (20 bytes).
    Removing stm32f30x_adc.o(i.ADC_ChannelOffset3Cmd), (20 bytes).
    Removing stm32f30x_adc.o(i.ADC_ChannelOffset4Cmd), (20 bytes).
    Removing stm32f30x_adc.o(i.ADC_ClearCommonFlag), (44 bytes).
    Removing stm32f30x_adc.o(i.ADC_ClearFlag), (4 bytes).
    Removing stm32f30x_adc.o(i.ADC_ClearITPendingBit), (4 bytes).
    Removing stm32f30x_adc.o(i.ADC_CommonStructInit), (14 bytes).
    Removing stm32f30x_adc.o(i.ADC_DMACmd), (20 bytes).
    Removing stm32f30x_adc.o(i.ADC_DMAConfig), (16 bytes).
    Removing stm32f30x_adc.o(i.ADC_DeInit), (68 bytes).
    Removing stm32f30x_adc.o(i.ADC_DisableCmd), (10 bytes).
    Removing stm32f30x_adc.o(i.ADC_DiscModeChannelCountConfig), (16 bytes).
    Removing stm32f30x_adc.o(i.ADC_DiscModeCmd), (20 bytes).
    Removing stm32f30x_adc.o(i.ADC_ExternalTriggerConfig), (18 bytes).
    Removing stm32f30x_adc.o(i.ADC_GetCalibrationValue), (6 bytes).
    Removing stm32f30x_adc.o(i.ADC_GetCommonFlagStatus), (48 bytes).
    Removing stm32f30x_adc.o(i.ADC_GetConversionValue), (6 bytes).
    Removing stm32f30x_adc.o(i.ADC_GetDisableCmdStatus), (14 bytes).
    Removing stm32f30x_adc.o(i.ADC_GetDualModeConversionValue), (36 bytes).
    Removing stm32f30x_adc.o(i.ADC_GetITStatus), (28 bytes).
    Removing stm32f30x_adc.o(i.ADC_GetStartConversionStatus), (14 bytes).
    Removing stm32f30x_adc.o(i.ADC_GetStartInjectedConversionStatus), (14 bytes).
    Removing stm32f30x_adc.o(i.ADC_ITConfig), (16 bytes).
    Removing stm32f30x_adc.o(i.ADC_InjectedDiscModeCmd), (20 bytes).
    Removing stm32f30x_adc.o(i.ADC_InjectedStructInit), (20 bytes).
    Removing stm32f30x_adc.o(i.ADC_RegularChannelConfig), (172 bytes).
    Removing stm32f30x_adc.o(i.ADC_RegularChannelSequencerLengthConfig), (18 bytes).
    Removing stm32f30x_adc.o(i.ADC_SelectDifferentialMode), (20 bytes).
    Removing stm32f30x_adc.o(i.ADC_SelectQueueOfContextMode), (20 bytes).
    Removing stm32f30x_adc.o(i.ADC_SetCalibrationValue), (6 bytes).
    Removing stm32f30x_adc.o(i.ADC_SetChannelOffset1), (32 bytes).
    Removing stm32f30x_adc.o(i.ADC_SetChannelOffset2), (32 bytes).
    Removing stm32f30x_adc.o(i.ADC_SetChannelOffset3), (32 bytes).
    Removing stm32f30x_adc.o(i.ADC_SetChannelOffset4), (32 bytes).
    Removing stm32f30x_adc.o(i.ADC_StartConversion), (10 bytes).
    Removing stm32f30x_adc.o(i.ADC_StopConversion), (10 bytes).
    Removing stm32f30x_adc.o(i.ADC_StopInjectedConversion), (10 bytes).
    Removing stm32f30x_adc.o(i.ADC_StructInit), (22 bytes).
    Removing stm32f30x_adc.o(i.ADC_TempSensorCmd), (28 bytes).
    Removing stm32f30x_adc.o(i.ADC_VbatCmd), (28 bytes).
    Removing stm32f30x_adc.o(i.ADC_VrefintCmd), (68 bytes).
    Removing stm32f30x_can.o(.rev16_text), (4 bytes).
    Removing stm32f30x_can.o(.revsh_text), (4 bytes).
    Removing stm32f30x_can.o(i.CAN_CancelTransmit), (36 bytes).
    Removing stm32f30x_can.o(i.CAN_ClearFlag), (48 bytes).
    Removing stm32f30x_can.o(i.CAN_ClearITPendingBit), (120 bytes).
    Removing stm32f30x_can.o(i.CAN_DBGFreeze), (20 bytes).
    Removing stm32f30x_can.o(i.CAN_DeInit), (24 bytes).
    Removing stm32f30x_can.o(i.CAN_FIFORelease), (22 bytes).
    Removing stm32f30x_can.o(i.CAN_FilterInit), (204 bytes).
    Removing stm32f30x_can.o(i.CAN_GetFlagStatus), (52 bytes).
    Removing stm32f30x_can.o(i.CAN_GetITStatus), (168 bytes).
    Removing stm32f30x_can.o(i.CAN_GetLSBTransmitErrorCounter), (8 bytes).
    Removing stm32f30x_can.o(i.CAN_GetLastErrorCode), (10 bytes).
    Removing stm32f30x_can.o(i.CAN_GetReceiveErrorCounter), (6 bytes).
    Removing stm32f30x_can.o(i.CAN_ITConfig), (16 bytes).
    Removing stm32f30x_can.o(i.CAN_Init), (242 bytes).
    Removing stm32f30x_can.o(i.CAN_MessagePending), (22 bytes).
    Removing stm32f30x_can.o(i.CAN_OperatingModeRequest), (140 bytes).
    Removing stm32f30x_can.o(i.CAN_Receive), (144 bytes).
    Removing stm32f30x_can.o(i.CAN_SlaveStartBank), (44 bytes).
    Removing stm32f30x_can.o(i.CAN_Sleep), (30 bytes).
    Removing stm32f30x_can.o(i.CAN_StructInit), (32 bytes).
    Removing stm32f30x_can.o(i.CAN_TTComModeCmd), (90 bytes).
    Removing stm32f30x_can.o(i.CAN_Transmit), (164 bytes).
    Removing stm32f30x_can.o(i.CAN_TransmitStatus), (108 bytes).
    Removing stm32f30x_can.o(i.CAN_WakeUp), (40 bytes).
    Removing stm32f30x_can.o(i.CheckITStatus), (12 bytes).
    Removing stm32f30x_comp.o(.rev16_text), (4 bytes).
    Removing stm32f30x_comp.o(.revsh_text), (4 bytes).
    Removing stm32f30x_comp.o(i.COMP_Cmd), (28 bytes).
    Removing stm32f30x_comp.o(i.COMP_DeInit), (16 bytes).
    Removing stm32f30x_comp.o(i.COMP_GetOutputLevel), (24 bytes).
    Removing stm32f30x_comp.o(i.COMP_Init), (48 bytes).
    Removing stm32f30x_comp.o(i.COMP_LockConfig), (20 bytes).
    Removing stm32f30x_comp.o(i.COMP_StructInit), (20 bytes).
    Removing stm32f30x_comp.o(i.COMP_SwitchCmd), (28 bytes).
    Removing stm32f30x_comp.o(i.COMP_WindowCmd), (28 bytes).
    Removing stm32f30x_crc.o(.rev16_text), (4 bytes).
    Removing stm32f30x_crc.o(.revsh_text), (4 bytes).
    Removing stm32f30x_crc.o(i.CRC_CalcBlockCRC), (28 bytes).
    Removing stm32f30x_crc.o(i.CRC_CalcCRC), (12 bytes).
    Removing stm32f30x_crc.o(i.CRC_CalcCRC16bits), (12 bytes).
    Removing stm32f30x_crc.o(i.CRC_CalcCRC8bits), (12 bytes).
    Removing stm32f30x_crc.o(i.CRC_DeInit), (32 bytes).
    Removing stm32f30x_crc.o(i.CRC_GetCRC), (12 bytes).
    Removing stm32f30x_crc.o(i.CRC_GetIDRegister), (12 bytes).
    Removing stm32f30x_crc.o(i.CRC_PolynomialSizeSelect), (20 bytes).
    Removing stm32f30x_crc.o(i.CRC_ResetDR), (16 bytes).
    Removing stm32f30x_crc.o(i.CRC_ReverseInputDataSelect), (20 bytes).
    Removing stm32f30x_crc.o(i.CRC_ReverseOutputDataCmd), (28 bytes).
    Removing stm32f30x_crc.o(i.CRC_SetIDRegister), (12 bytes).
    Removing stm32f30x_crc.o(i.CRC_SetInitRegister), (12 bytes).
    Removing stm32f30x_crc.o(i.CRC_SetPolynomial), (12 bytes).
    Removing stm32f30x_dac.o(.rev16_text), (4 bytes).
    Removing stm32f30x_dac.o(.revsh_text), (4 bytes).
    Removing stm32f30x_dac.o(i.DAC_ClearFlag), (6 bytes).
    Removing stm32f30x_dac.o(i.DAC_ClearITPendingBit), (6 bytes).
    Removing stm32f30x_dac.o(i.DAC_Cmd), (18 bytes).
    Removing stm32f30x_dac.o(i.DAC_DMACmd), (20 bytes).
    Removing stm32f30x_dac.o(i.DAC_DeInit), (44 bytes).
    Removing stm32f30x_dac.o(i.DAC_DualSoftwareTriggerCmd), (20 bytes).
    Removing stm32f30x_dac.o(i.DAC_GetDataOutputValue), (16 bytes).
    Removing stm32f30x_dac.o(i.DAC_GetFlagStatus), (16 bytes).
    Removing stm32f30x_dac.o(i.DAC_GetITStatus), (24 bytes).
    Removing stm32f30x_dac.o(i.DAC_ITConfig), (16 bytes).
    Removing stm32f30x_dac.o(i.DAC_Init), (34 bytes).
    Removing stm32f30x_dac.o(i.DAC_SetChannel1Data), (12 bytes).
    Removing stm32f30x_dac.o(i.DAC_SetChannel2Data), (12 bytes).
    Removing stm32f30x_dac.o(i.DAC_SetDualChannelData), (20 bytes).
    Removing stm32f30x_dac.o(i.DAC_SoftwareTriggerCmd), (22 bytes).
    Removing stm32f30x_dac.o(i.DAC_StructInit), (14 bytes).
    Removing stm32f30x_dac.o(i.DAC_WaveGenerationCmd), (16 bytes).
    Removing stm32f30x_dbgmcu.o(.rev16_text), (4 bytes).
    Removing stm32f30x_dbgmcu.o(.revsh_text), (4 bytes).
    Removing stm32f30x_dbgmcu.o(i.DBGMCU_APB1PeriphConfig), (24 bytes).
    Removing stm32f30x_dbgmcu.o(i.DBGMCU_APB2PeriphConfig), (24 bytes).
    Removing stm32f30x_dbgmcu.o(i.DBGMCU_Config), (24 bytes).
    Removing stm32f30x_dbgmcu.o(i.DBGMCU_GetDEVID), (16 bytes).
    Removing stm32f30x_dbgmcu.o(i.DBGMCU_GetREVID), (12 bytes).
    Removing stm32f30x_dma.o(.rev16_text), (4 bytes).
    Removing stm32f30x_dma.o(.revsh_text), (4 bytes).
    Removing stm32f30x_dma.o(i.DMA_ClearFlag), (24 bytes).
    Removing stm32f30x_dma.o(i.DMA_ClearITPendingBit), (24 bytes).
    Removing stm32f30x_dma.o(i.DMA_Cmd), (22 bytes).
    Removing stm32f30x_dma.o(i.DMA_DeInit), (228 bytes).
    Removing stm32f30x_dma.o(i.DMA_GetCurrDataCounter), (6 bytes).
    Removing stm32f30x_dma.o(i.DMA_GetFlagStatus), (32 bytes).
    Removing stm32f30x_dma.o(i.DMA_GetITStatus), (32 bytes).
    Removing stm32f30x_dma.o(i.DMA_ITConfig), (16 bytes).
    Removing stm32f30x_dma.o(i.DMA_Init), (58 bytes).
    Removing stm32f30x_dma.o(i.DMA_SetCurrDataCounter), (4 bytes).
    Removing stm32f30x_dma.o(i.DMA_StructInit), (26 bytes).
    Removing stm32f30x_exti.o(.rev16_text), (4 bytes).
    Removing stm32f30x_exti.o(.revsh_text), (4 bytes).
    Removing stm32f30x_exti.o(i.EXTI_ClearFlag), (28 bytes).
    Removing stm32f30x_exti.o(i.EXTI_ClearITPendingBit), (28 bytes).
    Removing stm32f30x_exti.o(i.EXTI_DeInit), (72 bytes).
    Removing stm32f30x_exti.o(i.EXTI_GenerateSWInterrupt), (32 bytes).
    Removing stm32f30x_exti.o(i.EXTI_GetFlagStatus), (36 bytes).
    Removing stm32f30x_exti.o(i.EXTI_GetITStatus), (36 bytes).
    Removing stm32f30x_exti.o(i.EXTI_StructInit), (14 bytes).
    Removing stm32f30x_flash.o(.rev16_text), (4 bytes).
    Removing stm32f30x_flash.o(.revsh_text), (4 bytes).
    Removing stm32f30x_flash.o(i.FLASH_ClearFlag), (12 bytes).
    Removing stm32f30x_flash.o(i.FLASH_EraseAllPages), (56 bytes).
    Removing stm32f30x_flash.o(i.FLASH_ErasePage), (60 bytes).
    Removing stm32f30x_flash.o(i.FLASH_GetFlagStatus), (20 bytes).
    Removing stm32f30x_flash.o(i.FLASH_GetStatus), (40 bytes).
    Removing stm32f30x_flash.o(i.FLASH_HalfCycleAccessCmd), (28 bytes).
    Removing stm32f30x_flash.o(i.FLASH_ITConfig), (24 bytes).
    Removing stm32f30x_flash.o(i.FLASH_Lock), (16 bytes).
    Removing stm32f30x_flash.o(i.FLASH_OB_BOOTConfig), (80 bytes).
    Removing stm32f30x_flash.o(i.FLASH_OB_EnableWRP), (92 bytes).
    Removing stm32f30x_flash.o(i.FLASH_OB_Erase), (104 bytes).
    Removing stm32f30x_flash.o(i.FLASH_OB_GetRDP), (20 bytes).
    Removing stm32f30x_flash.o(i.FLASH_OB_GetUser), (16 bytes).
    Removing stm32f30x_flash.o(i.FLASH_OB_GetWRP), (12 bytes).
    Removing stm32f30x_flash.o(i.FLASH_OB_Launch), (16 bytes).
    Removing stm32f30x_flash.o(i.FLASH_OB_Lock), (16 bytes).
    Removing stm32f30x_flash.o(i.FLASH_OB_RDPConfig), (108 bytes).
    Removing stm32f30x_flash.o(i.FLASH_OB_SRAMParityConfig), (64 bytes).
    Removing stm32f30x_flash.o(i.FLASH_OB_Unlock), (32 bytes).
    Removing stm32f30x_flash.o(i.FLASH_OB_UserConfig), (92 bytes).
    Removing stm32f30x_flash.o(i.FLASH_OB_VDDAConfig), (80 bytes).
    Removing stm32f30x_flash.o(i.FLASH_OB_WriteUser), (80 bytes).
    Removing stm32f30x_flash.o(i.FLASH_PrefetchBufferCmd), (28 bytes).
    Removing stm32f30x_flash.o(i.FLASH_ProgramHalfWord), (52 bytes).
    Removing stm32f30x_flash.o(i.FLASH_ProgramOptionByteData), (56 bytes).
    Removing stm32f30x_flash.o(i.FLASH_ProgramWord), (76 bytes).
    Removing stm32f30x_flash.o(i.FLASH_SetLatency), (20 bytes).
    Removing stm32f30x_flash.o(i.FLASH_Unlock), (32 bytes).
    Removing stm32f30x_flash.o(i.FLASH_WaitForLastOperation), (36 bytes).
    Removing stm32f30x_gpio.o(.rev16_text), (4 bytes).
    Removing stm32f30x_gpio.o(.revsh_text), (4 bytes).
    Removing stm32f30x_gpio.o(i.GPIO_DeInit), (112 bytes).
    Removing stm32f30x_gpio.o(i.GPIO_PinLockConfig), (16 bytes).
    Removing stm32f30x_gpio.o(i.GPIO_ReadInputData), (4 bytes).
    Removing stm32f30x_gpio.o(i.GPIO_ReadOutputData), (4 bytes).
    Removing stm32f30x_gpio.o(i.GPIO_ReadOutputDataBit), (14 bytes).
    Removing stm32f30x_gpio.o(i.GPIO_ResetBits), (4 bytes).
    Removing stm32f30x_gpio.o(i.GPIO_StructInit), (20 bytes).
    Removing stm32f30x_gpio.o(i.GPIO_Write), (4 bytes).
    Removing stm32f30x_gpio.o(i.GPIO_WriteBit), (10 bytes).
    Removing stm32f30x_hrtim.o(.rev16_text), (4 bytes).
    Removing stm32f30x_hrtim.o(.revsh_text), (4 bytes).
    Removing stm32f30x_hrtim.o(i.HRTIM_ADCTriggerConfig), (94 bytes).
    Removing stm32f30x_hrtim.o(i.HRTIM_BurstDMAConfig), (50 bytes).
    Removing stm32f30x_hrtim.o(i.HRTIM_BurstModeConfig), (60 bytes).
    Removing stm32f30x_hrtim.o(i.HRTIM_BurstModeCtl), (16 bytes).
    Removing stm32f30x_hrtim.o(i.HRTIM_ChopperModeConfig), (32 bytes).
    Removing stm32f30x_hrtim.o(i.HRTIM_ClearCommonFlag), (12 bytes).
    Removing stm32f30x_hrtim.o(i.HRTIM_ClearFlag), (36 bytes).
    Removing stm32f30x_hrtim.o(i.HRTIM_CompareUnitConfig), (96 bytes).
    Removing stm32f30x_hrtim.o(i.HRTIM_DMACmd), (50 bytes).
    Removing stm32f30x_hrtim.o(i.HRTIM_DeInit), (24 bytes).
    Removing stm32f30x_hrtim.o(i.HRTIM_EventConfig), (4 bytes).
    Removing stm32f30x_hrtim.o(i.HRTIM_EventPrescalerConfig), (16 bytes).
    Removing stm32f30x_hrtim.o(i.HRTIM_ExternalEventConfig), (418 bytes).
    Removing stm32f30x_hrtim.o(i.HRTIM_FaultPrescalerConfig), (16 bytes).
    Removing stm32f30x_hrtim.o(i.HRTIM_GetBurstStatus), (10 bytes).
    Removing stm32f30x_hrtim.o(i.HRTIM_GetCapturedValue), (28 bytes).
    Removing stm32f30x_hrtim.o(i.HRTIM_GetCommonITStatus), (32 bytes).
    Removing stm32f30x_hrtim.o(i.HRTIM_GetCurrentPushPullStatus), (14 bytes).
    Removing stm32f30x_hrtim.o(i.HRTIM_GetDelayedProtectionStatus), (82 bytes).
    Removing stm32f30x_hrtim.o(i.HRTIM_GetFlagStatus), (42 bytes).
    Removing stm32f30x_hrtim.o(i.HRTIM_GetITStatus), (66 bytes).
    Removing stm32f30x_hrtim.o(i.HRTIM_GetIdlePushPullStatus), (14 bytes).
    Removing stm32f30x_hrtim.o(i.HRTIM_ITCommonConfig), (20 bytes).
    Removing stm32f30x_hrtim.o(i.HRTIM_MasterSetCompare), (32 bytes).
    Removing stm32f30x_hrtim.o(i.HRTIM_SimpleBaseStart), (20 bytes).
    Removing stm32f30x_hrtim.o(i.HRTIM_SimpleBaseStop), (152 bytes).
    Removing stm32f30x_hrtim.o(i.HRTIM_SimpleBase_Init), (14 bytes).
    Removing stm32f30x_hrtim.o(i.HRTIM_SimpleCaptureChannelConfig), (160 bytes).
    Removing stm32f30x_hrtim.o(i.HRTIM_SimpleCaptureStart), (20 bytes).
    Removing stm32f30x_hrtim.o(i.HRTIM_SimpleCaptureStop), (196 bytes).
    Removing stm32f30x_hrtim.o(i.HRTIM_SimpleCapture_Init), (4 bytes).
    Removing stm32f30x_hrtim.o(i.HRTIM_SimpleOCChannelConfig), (182 bytes).
    Removing stm32f30x_hrtim.o(i.HRTIM_SimpleOCStart), (28 bytes).
    Removing stm32f30x_hrtim.o(i.HRTIM_SimpleOCStop), (164 bytes).
    Removing stm32f30x_hrtim.o(i.HRTIM_SimpleOC_Init), (4 bytes).
    Removing stm32f30x_hrtim.o(i.HRTIM_SimpleOnePulseChannelConfig), (172 bytes).
    Removing stm32f30x_hrtim.o(i.HRTIM_SimpleOnePulseStart), (28 bytes).
    Removing stm32f30x_hrtim.o(i.HRTIM_SimpleOnePulseStop), (164 bytes).
    Removing stm32f30x_hrtim.o(i.HRTIM_SimpleOnePulse_Init), (4 bytes).
    Removing stm32f30x_hrtim.o(i.HRTIM_SimplePWMChannelConfig), (136 bytes).
    Removing stm32f30x_hrtim.o(i.HRTIM_SimplePWMStart), (28 bytes).
    Removing stm32f30x_hrtim.o(i.HRTIM_SimplePWMStop), (164 bytes).
    Removing stm32f30x_hrtim.o(i.HRTIM_SimplePWM_Init), (4 bytes).
    Removing stm32f30x_hrtim.o(i.HRTIM_SlaveSetCompare), (44 bytes).
    Removing stm32f30x_hrtim.o(i.HRTIM_SoftwareCapture), (30 bytes).
    Removing stm32f30x_hrtim.o(i.HRTIM_SoftwareReset), (12 bytes).
    Removing stm32f30x_hrtim.o(i.HRTIM_SoftwareUpdate), (12 bytes).
    Removing stm32f30x_hrtim.o(i.HRTIM_SynchronizationConfig), (30 bytes).
    Removing stm32f30x_hrtim.o(i.HRTIM_TIM_ResetConfig), (114 bytes).
    Removing stm32f30x_hrtim.o(i.HRTIM_TimerEventFilteringConfig), (196 bytes).
    Removing stm32f30x_hrtim.o(i.HRTIM_WaveformCaptureConfig), (28 bytes).
    Removing stm32f30x_hrtim.o(i.HRTIM_WaveformCounterStop), (8 bytes).
    Removing stm32f30x_hrtim.o(i.HRTIM_WaveformGetOutputLevel), (82 bytes).
    Removing stm32f30x_hrtim.o(i.HRTIM_WaveformGetOutputState), (120 bytes).
    Removing stm32f30x_hrtim.o(i.HRTIM_WaveformOutputStop), (6 bytes).
    Removing stm32f30x_hrtim.o(i.HRTIM_WaveformSetOutputLevel), (94 bytes).
    Removing stm32f30x_hrtim.o(.data), (24 bytes).
    Removing stm32f30x_i2c.o(.rev16_text), (4 bytes).
    Removing stm32f30x_i2c.o(.revsh_text), (4 bytes).
    Removing stm32f30x_i2c.o(i.I2C_10BitAddressHeaderCmd), (20 bytes).
    Removing stm32f30x_i2c.o(i.I2C_10BitAddressingModeCmd), (20 bytes).
    Removing stm32f30x_i2c.o(i.I2C_AcknowledgeConfig), (20 bytes).
    Removing stm32f30x_i2c.o(i.I2C_AutoEndCmd), (20 bytes).
    Removing stm32f30x_i2c.o(i.I2C_CalculatePEC), (20 bytes).
    Removing stm32f30x_i2c.o(i.I2C_ClearFlag), (4 bytes).
    Removing stm32f30x_i2c.o(i.I2C_ClearITPendingBit), (4 bytes).
    Removing stm32f30x_i2c.o(i.I2C_ClockTimeoutCmd), (20 bytes).
    Removing stm32f30x_i2c.o(i.I2C_Cmd), (20 bytes).
    Removing stm32f30x_i2c.o(i.I2C_DMACmd), (16 bytes).
    Removing stm32f30x_i2c.o(i.I2C_DeInit), (44 bytes).
    Removing stm32f30x_i2c.o(i.I2C_DualAddressCmd), (20 bytes).
    Removing stm32f30x_i2c.o(i.I2C_ExtendedClockTimeoutCmd), (20 bytes).
    Removing stm32f30x_i2c.o(i.I2C_GeneralCallCmd), (20 bytes).
    Removing stm32f30x_i2c.o(i.I2C_GenerateSTART), (20 bytes).
    Removing stm32f30x_i2c.o(i.I2C_GenerateSTOP), (20 bytes).
    Removing stm32f30x_i2c.o(i.I2C_GetAddressMatched), (10 bytes).
    Removing stm32f30x_i2c.o(i.I2C_GetFlagStatus), (14 bytes).
    Removing stm32f30x_i2c.o(i.I2C_GetITStatus), (46 bytes).
    Removing stm32f30x_i2c.o(i.I2C_GetPEC), (6 bytes).
    Removing stm32f30x_i2c.o(i.I2C_GetTransferDirection), (18 bytes).
    Removing stm32f30x_i2c.o(i.I2C_ITConfig), (16 bytes).
    Removing stm32f30x_i2c.o(i.I2C_IdleClockTimeoutCmd), (20 bytes).
    Removing stm32f30x_i2c.o(i.I2C_Init), (96 bytes).
    Removing stm32f30x_i2c.o(i.I2C_MasterRequestConfig), (20 bytes).
    Removing stm32f30x_i2c.o(i.I2C_NumberOfBytesConfig), (14 bytes).
    Removing stm32f30x_i2c.o(i.I2C_OwnAddress2Config), (30 bytes).
    Removing stm32f30x_i2c.o(i.I2C_PECRequestCmd), (20 bytes).
    Removing stm32f30x_i2c.o(i.I2C_ReadRegister), (10 bytes).
    Removing stm32f30x_i2c.o(i.I2C_ReceiveData), (6 bytes).
    Removing stm32f30x_i2c.o(i.I2C_ReloadCmd), (20 bytes).
    Removing stm32f30x_i2c.o(i.I2C_SMBusAlertCmd), (20 bytes).
    Removing stm32f30x_i2c.o(i.I2C_SendData), (4 bytes).
    Removing stm32f30x_i2c.o(i.I2C_SlaveAddressConfig), (16 bytes).
    Removing stm32f30x_i2c.o(i.I2C_SlaveByteControlCmd), (20 bytes).
    Removing stm32f30x_i2c.o(i.I2C_SoftwareResetCmd), (20 bytes).
    Removing stm32f30x_i2c.o(i.I2C_StopModeCmd), (20 bytes).
    Removing stm32f30x_i2c.o(i.I2C_StretchClockCmd), (20 bytes).
    Removing stm32f30x_i2c.o(i.I2C_StructInit), (22 bytes).
    Removing stm32f30x_i2c.o(i.I2C_TimeoutAConfig), (16 bytes).
    Removing stm32f30x_i2c.o(i.I2C_TimeoutBConfig), (24 bytes).
    Removing stm32f30x_i2c.o(i.I2C_TransferHandling), (32 bytes).
    Removing stm32f30x_iwdg.o(.rev16_text), (4 bytes).
    Removing stm32f30x_iwdg.o(.revsh_text), (4 bytes).
    Removing stm32f30x_iwdg.o(i.IWDG_Enable), (16 bytes).
    Removing stm32f30x_iwdg.o(i.IWDG_GetFlagStatus), (20 bytes).
    Removing stm32f30x_iwdg.o(i.IWDG_ReloadCounter), (16 bytes).
    Removing stm32f30x_iwdg.o(i.IWDG_SetPrescaler), (12 bytes).
    Removing stm32f30x_iwdg.o(i.IWDG_SetReload), (12 bytes).
    Removing stm32f30x_iwdg.o(i.IWDG_SetWindowValue), (12 bytes).
    Removing stm32f30x_iwdg.o(i.IWDG_WriteAccessCmd), (12 bytes).
    Removing stm32f30x_misc.o(.rev16_text), (4 bytes).
    Removing stm32f30x_misc.o(.revsh_text), (4 bytes).
    Removing stm32f30x_misc.o(i.NVIC_PriorityGroupConfig), (20 bytes).
    Removing stm32f30x_misc.o(i.NVIC_SetVectorTable), (20 bytes).
    Removing stm32f30x_misc.o(i.NVIC_SystemLPConfig), (24 bytes).
    Removing stm32f30x_misc.o(i.SysTick_CLKSourceConfig), (24 bytes).
    Removing stm32f30x_opamp.o(.rev16_text), (4 bytes).
    Removing stm32f30x_opamp.o(.revsh_text), (4 bytes).
    Removing stm32f30x_opamp.o(i.OPAMP_Cmd), (28 bytes).
    Removing stm32f30x_opamp.o(i.OPAMP_DeInit), (16 bytes).
    Removing stm32f30x_opamp.o(i.OPAMP_GetOutputLevel), (24 bytes).
    Removing stm32f30x_opamp.o(i.OPAMP_Init), (28 bytes).
    Removing stm32f30x_opamp.o(i.OPAMP_LockConfig), (20 bytes).
    Removing stm32f30x_opamp.o(i.OPAMP_OffsetTrimConfig), (28 bytes).
    Removing stm32f30x_opamp.o(i.OPAMP_OffsetTrimModeSelect), (24 bytes).
    Removing stm32f30x_opamp.o(i.OPAMP_PGAConfig), (28 bytes).
    Removing stm32f30x_opamp.o(i.OPAMP_StartCalibration), (28 bytes).
    Removing stm32f30x_opamp.o(i.OPAMP_StructInit), (8 bytes).
    Removing stm32f30x_opamp.o(i.OPAMP_TimerControlledMuxCmd), (28 bytes).
    Removing stm32f30x_opamp.o(i.OPAMP_TimerControlledMuxConfig), (32 bytes).
    Removing stm32f30x_opamp.o(i.OPAMP_VrefConfig), (20 bytes).
    Removing stm32f30x_opamp.o(i.OPAMP_VrefConnectADCCmd), (28 bytes).
    Removing stm32f30x_opamp.o(i.OPAMP_VrefConnectNonInvertingInput), (28 bytes).
    Removing stm32f30x_pwr.o(.rev16_text), (4 bytes).
    Removing stm32f30x_pwr.o(.revsh_text), (4 bytes).
    Removing stm32f30x_pwr.o(i.PWR_BackupAccessCmd), (12 bytes).
    Removing stm32f30x_pwr.o(i.PWR_ClearFlag), (16 bytes).
    Removing stm32f30x_pwr.o(i.PWR_DeInit), (24 bytes).
    Removing stm32f30x_pwr.o(i.PWR_EnterSTANDBYMode), (40 bytes).
    Removing stm32f30x_pwr.o(i.PWR_EnterSTOPMode), (52 bytes).
    Removing stm32f30x_pwr.o(i.PWR_EnterSleepMode), (28 bytes).
    Removing stm32f30x_pwr.o(i.PWR_GetFlagStatus), (20 bytes).
    Removing stm32f30x_pwr.o(i.PWR_PVDCmd), (12 bytes).
    Removing stm32f30x_pwr.o(i.PWR_PVDLevelConfig), (20 bytes).
    Removing stm32f30x_pwr.o(i.PWR_WakeUpPinCmd), (24 bytes).
    Removing stm32f30x_rcc.o(.rev16_text), (4 bytes).
    Removing stm32f30x_rcc.o(.revsh_text), (4 bytes).
    Removing stm32f30x_rcc.o(i.RCC_AHBPeriphResetCmd), (24 bytes).
    Removing stm32f30x_rcc.o(i.RCC_APB1PeriphClockCmd), (24 bytes).
    Removing stm32f30x_rcc.o(i.RCC_APB1PeriphResetCmd), (24 bytes).
    Removing stm32f30x_rcc.o(i.RCC_APB2PeriphResetCmd), (24 bytes).
    Removing stm32f30x_rcc.o(i.RCC_AdjustHSICalibrationValue), (20 bytes).
    Removing stm32f30x_rcc.o(i.RCC_BackupResetCmd), (12 bytes).
    Removing stm32f30x_rcc.o(i.RCC_ClearFlag), (16 bytes).
    Removing stm32f30x_rcc.o(i.RCC_ClearITPendingBit), (12 bytes).
    Removing stm32f30x_rcc.o(i.RCC_ClockSecuritySystemCmd), (12 bytes).
    Removing stm32f30x_rcc.o(i.RCC_DeInit), (80 bytes).
    Removing stm32f30x_rcc.o(i.RCC_GetClocksFreq), (736 bytes).
    Removing stm32f30x_rcc.o(i.RCC_GetFlagStatus), (52 bytes).
    Removing stm32f30x_rcc.o(i.RCC_GetITStatus), (20 bytes).
    Removing stm32f30x_rcc.o(i.RCC_GetSYSCLKSource), (16 bytes).
    Removing stm32f30x_rcc.o(i.RCC_HCLKConfig), (20 bytes).
    Removing stm32f30x_rcc.o(i.RCC_HSEConfig), (16 bytes).
    Removing stm32f30x_rcc.o(i.RCC_HSICmd), (12 bytes).
    Removing stm32f30x_rcc.o(i.RCC_I2CCLKConfig), (52 bytes).
    Removing stm32f30x_rcc.o(i.RCC_I2SCLKConfig), (12 bytes).
    Removing stm32f30x_rcc.o(i.RCC_ITConfig), (24 bytes).
    Removing stm32f30x_rcc.o(i.RCC_LSEConfig), (32 bytes).
    Removing stm32f30x_rcc.o(i.RCC_LSEDriveConfig), (24 bytes).
    Removing stm32f30x_rcc.o(i.RCC_LSICmd), (12 bytes).
    Removing stm32f30x_rcc.o(i.RCC_MCOConfig), (24 bytes).
    Removing stm32f30x_rcc.o(i.RCC_PCLK1Config), (20 bytes).
    Removing stm32f30x_rcc.o(i.RCC_PCLK2Config), (20 bytes).
    Removing stm32f30x_rcc.o(i.RCC_PLLCmd), (12 bytes).
    Removing stm32f30x_rcc.o(i.RCC_PLLConfig), (24 bytes).
    Removing stm32f30x_rcc.o(i.RCC_PREDIV1Config), (20 bytes).
    Removing stm32f30x_rcc.o(i.RCC_RTCCLKCmd), (12 bytes).
    Removing stm32f30x_rcc.o(i.RCC_RTCCLKConfig), (16 bytes).
    Removing stm32f30x_rcc.o(i.RCC_SYSCLKConfig), (20 bytes).
    Removing stm32f30x_rcc.o(i.RCC_TIMCLKConfig), (72 bytes).
    Removing stm32f30x_rcc.o(i.RCC_USARTCLKConfig), (72 bytes).
    Removing stm32f30x_rcc.o(i.RCC_USBCLKConfig), (12 bytes).
    Removing stm32f30x_rcc.o(i.RCC_WaitForHSEStartUp), (44 bytes).
    Removing stm32f30x_rcc.o(.data), (48 bytes).
    Removing stm32f30x_rtc.o(.rev16_text), (4 bytes).
    Removing stm32f30x_rtc.o(.revsh_text), (4 bytes).
    Removing stm32f30x_rtc.o(i.RTC_AlarmCmd), (84 bytes).
    Removing stm32f30x_rtc.o(i.RTC_AlarmStructInit), (20 bytes).
    Removing stm32f30x_rtc.o(i.RTC_AlarmSubSecondConfig), (44 bytes).
    Removing stm32f30x_rtc.o(i.RTC_Bcd2ToByte), (18 bytes).
    Removing stm32f30x_rtc.o(i.RTC_BypassShadowCmd), (44 bytes).
    Removing stm32f30x_rtc.o(i.RTC_ByteToBcd2), (24 bytes).
    Removing stm32f30x_rtc.o(i.RTC_CalibOutputCmd), (44 bytes).
    Removing stm32f30x_rtc.o(i.RTC_CalibOutputConfig), (40 bytes).
    Removing stm32f30x_rtc.o(i.RTC_ClearFlag), (28 bytes).
    Removing stm32f30x_rtc.o(i.RTC_ClearITPendingBit), (28 bytes).
    Removing stm32f30x_rtc.o(i.RTC_DateStructInit), (14 bytes).
    Removing stm32f30x_rtc.o(i.RTC_DayLightSavingConfig), (44 bytes).
    Removing stm32f30x_rtc.o(i.RTC_DeInit), (172 bytes).
    Removing stm32f30x_rtc.o(i.RTC_EnterInitMode), (60 bytes).
    Removing stm32f30x_rtc.o(i.RTC_ExitInitMode), (16 bytes).
    Removing stm32f30x_rtc.o(i.RTC_GetAlarm), (108 bytes).
    Removing stm32f30x_rtc.o(i.RTC_GetAlarmSubSecond), (28 bytes).
    Removing stm32f30x_rtc.o(i.RTC_GetDate), (72 bytes).
    Removing stm32f30x_rtc.o(i.RTC_GetFlagStatus), (28 bytes).
    Removing stm32f30x_rtc.o(i.RTC_GetITStatus), (64 bytes).
    Removing stm32f30x_rtc.o(i.RTC_GetStoreOperation), (16 bytes).
    Removing stm32f30x_rtc.o(i.RTC_GetSubSecond), (16 bytes).
    Removing stm32f30x_rtc.o(i.RTC_GetTime), (76 bytes).
    Removing stm32f30x_rtc.o(i.RTC_GetTimeStamp), (136 bytes).
    Removing stm32f30x_rtc.o(i.RTC_GetTimeStampSubSecond), (12 bytes).
    Removing stm32f30x_rtc.o(i.RTC_GetWakeUpCounter), (12 bytes).
    Removing stm32f30x_rtc.o(i.RTC_ITConfig), (64 bytes).
    Removing stm32f30x_rtc.o(i.RTC_Init), (80 bytes).
    Removing stm32f30x_rtc.o(i.RTC_OutputConfig), (44 bytes).
    Removing stm32f30x_rtc.o(i.RTC_OutputTypeConfig), (24 bytes).
    Removing stm32f30x_rtc.o(i.RTC_ReadBackupRegister), (20 bytes).
    Removing stm32f30x_rtc.o(i.RTC_RefClockCmd), (60 bytes).
    Removing stm32f30x_rtc.o(i.RTC_SetAlarm), (164 bytes).
    Removing stm32f30x_rtc.o(i.RTC_SetDate), (156 bytes).
    Removing stm32f30x_rtc.o(i.RTC_SetTime), (160 bytes).
    Removing stm32f30x_rtc.o(i.RTC_SetWakeUpCounter), (28 bytes).
    Removing stm32f30x_rtc.o(i.RTC_SmoothCalibConfig), (72 bytes).
    Removing stm32f30x_rtc.o(i.RTC_StructInit), (14 bytes).
    Removing stm32f30x_rtc.o(i.RTC_SynchroShiftConfig), (88 bytes).
    Removing stm32f30x_rtc.o(i.RTC_TamperCmd), (24 bytes).
    Removing stm32f30x_rtc.o(i.RTC_TamperFilterConfig), (24 bytes).
    Removing stm32f30x_rtc.o(i.RTC_TamperPinsPrechargeDuration), (24 bytes).
    Removing stm32f30x_rtc.o(i.RTC_TamperPullUpCmd), (28 bytes).
    Removing stm32f30x_rtc.o(i.RTC_TamperSamplingFreqConfig), (24 bytes).
    Removing stm32f30x_rtc.o(i.RTC_TamperTriggerConfig), (28 bytes).
    Removing stm32f30x_rtc.o(i.RTC_TimeStampCmd), (48 bytes).
    Removing stm32f30x_rtc.o(i.RTC_TimeStampOnTamperDetectionCmd), (28 bytes).
    Removing stm32f30x_rtc.o(i.RTC_TimeStructInit), (12 bytes).
    Removing stm32f30x_rtc.o(i.RTC_WaitForSynchro), (88 bytes).
    Removing stm32f30x_rtc.o(i.RTC_WakeUpClockConfig), (40 bytes).
    Removing stm32f30x_rtc.o(i.RTC_WakeUpCmd), (88 bytes).
    Removing stm32f30x_rtc.o(i.RTC_WriteBackupRegister), (20 bytes).
    Removing stm32f30x_rtc.o(i.RTC_WriteProtectionCmd), (24 bytes).
    Removing stm32f30x_spi.o(.rev16_text), (4 bytes).
    Removing stm32f30x_spi.o(.revsh_text), (4 bytes).
    Removing stm32f30x_spi.o(i.I2S_Cmd), (20 bytes).
    Removing stm32f30x_spi.o(i.I2S_FullDuplexConfig), (58 bytes).
    Removing stm32f30x_spi.o(i.I2S_Init), (152 bytes).
    Removing stm32f30x_spi.o(i.I2S_StructInit), (18 bytes).
    Removing stm32f30x_spi.o(i.SPI_BiDirectionalLineConfig), (22 bytes).
    Removing stm32f30x_spi.o(i.SPI_CRCLengthConfig), (16 bytes).
    Removing stm32f30x_spi.o(i.SPI_CalculateCRC), (20 bytes).
    Removing stm32f30x_spi.o(i.SPI_Cmd), (20 bytes).
    Removing stm32f30x_spi.o(i.SPI_DataSizeConfig), (12 bytes).
    Removing stm32f30x_spi.o(i.SPI_GetCRC), (12 bytes).
    Removing stm32f30x_spi.o(i.SPI_GetCRCPolynomial), (4 bytes).
    Removing stm32f30x_spi.o(i.SPI_GetReceptionFIFOStatus), (8 bytes).
    Removing stm32f30x_spi.o(i.SPI_GetTransmissionFIFOStatus), (8 bytes).
    Removing stm32f30x_spi.o(i.SPI_I2S_ClearFlag), (6 bytes).
    Removing stm32f30x_spi.o(i.SPI_I2S_DMACmd), (16 bytes).
    Removing stm32f30x_spi.o(i.SPI_I2S_DeInit), (84 bytes).
    Removing stm32f30x_spi.o(i.SPI_I2S_GetFlagStatus), (14 bytes).
    Removing stm32f30x_spi.o(i.SPI_I2S_GetITStatus), (42 bytes).
    Removing stm32f30x_spi.o(i.SPI_I2S_ITConfig), (24 bytes).
    Removing stm32f30x_spi.o(i.SPI_I2S_ReceiveData16), (4 bytes).
    Removing stm32f30x_spi.o(i.SPI_I2S_SendData16), (4 bytes).
    Removing stm32f30x_spi.o(i.SPI_Init), (122 bytes).
    Removing stm32f30x_spi.o(i.SPI_LastDMATransferCmd), (16 bytes).
    Removing stm32f30x_spi.o(i.SPI_NSSInternalSoftwareConfig), (24 bytes).
    Removing stm32f30x_spi.o(i.SPI_NSSPulseModeCmd), (20 bytes).
    Removing stm32f30x_spi.o(i.SPI_ReceiveData8), (4 bytes).
    Removing stm32f30x_spi.o(i.SPI_RxFIFOThresholdConfig), (16 bytes).
    Removing stm32f30x_spi.o(i.SPI_SSOutputCmd), (20 bytes).
    Removing stm32f30x_spi.o(i.SPI_SendData8), (4 bytes).
    Removing stm32f30x_spi.o(i.SPI_StructInit), (28 bytes).
    Removing stm32f30x_spi.o(i.SPI_TIModeCmd), (20 bytes).
    Removing stm32f30x_spi.o(i.SPI_TransmitCRC), (10 bytes).
    Removing stm32f30x_syscfg.o(.rev16_text), (4 bytes).
    Removing stm32f30x_syscfg.o(.revsh_text), (4 bytes).
    Removing stm32f30x_syscfg.o(i.SYSCFG_BreakConfig), (16 bytes).
    Removing stm32f30x_syscfg.o(i.SYSCFG_BypassParityCheckDisable), (16 bytes).
    Removing stm32f30x_syscfg.o(i.SYSCFG_ClearFlag), (16 bytes).
    Removing stm32f30x_syscfg.o(i.SYSCFG_DMAChannelRemapConfig), (44 bytes).
    Removing stm32f30x_syscfg.o(i.SYSCFG_DeInit), (40 bytes).
    Removing stm32f30x_syscfg.o(i.SYSCFG_EncoderRemapConfig), (24 bytes).
    Removing stm32f30x_syscfg.o(i.SYSCFG_GetFlagStatus), (20 bytes).
    Removing stm32f30x_syscfg.o(i.SYSCFG_I2CFastModePlusConfig), (24 bytes).
    Removing stm32f30x_syscfg.o(i.SYSCFG_ITConfig), (24 bytes).
    Removing stm32f30x_syscfg.o(i.SYSCFG_MemoryRemapConfig), (20 bytes).
    Removing stm32f30x_syscfg.o(i.SYSCFG_SRAMWRPEnable), (16 bytes).
    Removing stm32f30x_syscfg.o(i.SYSCFG_TriggerRemapConfig), (44 bytes).
    Removing stm32f30x_syscfg.o(i.SYSCFG_USBInterruptLineRemapCmd), (12 bytes).
    Removing stm32f30x_tim.o(.rev16_text), (4 bytes).
    Removing stm32f30x_tim.o(.revsh_text), (4 bytes).
    Removing stm32f30x_tim.o(i.TI1_Config), (40 bytes).
    Removing stm32f30x_tim.o(i.TI2_Config), (54 bytes).
    Removing stm32f30x_tim.o(i.TIM_ARRPreloadConfig), (20 bytes).
    Removing stm32f30x_tim.o(i.TIM_BDTRConfig), (32 bytes).
    Removing stm32f30x_tim.o(i.TIM_BDTRStructInit), (18 bytes).
    Removing stm32f30x_tim.o(i.TIM_Break1Cmd), (20 bytes).
    Removing stm32f30x_tim.o(i.TIM_Break1Config), (20 bytes).
    Removing stm32f30x_tim.o(i.TIM_Break2Cmd), (20 bytes).
    Removing stm32f30x_tim.o(i.TIM_Break2Config), (20 bytes).
    Removing stm32f30x_tim.o(i.TIM_CCPreloadControl), (22 bytes).
    Removing stm32f30x_tim.o(i.TIM_CCxCmd), (22 bytes).
    Removing stm32f30x_tim.o(i.TIM_CCxNCmd), (22 bytes).
    Removing stm32f30x_tim.o(i.TIM_ClearFlag), (8 bytes).
    Removing stm32f30x_tim.o(i.TIM_ClearITPendingBit), (8 bytes).
    Removing stm32f30x_tim.o(i.TIM_ClearOC1Ref), (12 bytes).
    Removing stm32f30x_tim.o(i.TIM_ClearOC2Ref), (14 bytes).
    Removing stm32f30x_tim.o(i.TIM_ClearOC3Ref), (12 bytes).
    Removing stm32f30x_tim.o(i.TIM_ClearOC4Ref), (14 bytes).
    Removing stm32f30x_tim.o(i.TIM_ClearOC5Ref), (12 bytes).
    Removing stm32f30x_tim.o(i.TIM_ClearOC6Ref), (14 bytes).
    Removing stm32f30x_tim.o(i.TIM_Cmd), (20 bytes).
    Removing stm32f30x_tim.o(i.TIM_CounterModeConfig), (12 bytes).
    Removing stm32f30x_tim.o(i.TIM_CtrlPWMOutputs), (20 bytes).
    Removing stm32f30x_tim.o(i.TIM_DMACmd), (20 bytes).
    Removing stm32f30x_tim.o(i.TIM_DMAConfig), (8 bytes).
    Removing stm32f30x_tim.o(i.TIM_DeInit), (224 bytes).
    Removing stm32f30x_tim.o(i.TIM_ETRClockMode1Config), (20 bytes).
    Removing stm32f30x_tim.o(i.TIM_ETRClockMode2Config), (18 bytes).
    Removing stm32f30x_tim.o(i.TIM_ETRConfig), (24 bytes).
    Removing stm32f30x_tim.o(i.TIM_EncoderInterfaceConfig), (56 bytes).
    Removing stm32f30x_tim.o(i.TIM_ForcedOC1Config), (16 bytes).
    Removing stm32f30x_tim.o(i.TIM_ForcedOC2Config), (20 bytes).
    Removing stm32f30x_tim.o(i.TIM_ForcedOC3Config), (12 bytes).
    Removing stm32f30x_tim.o(i.TIM_ForcedOC4Config), (14 bytes).
    Removing stm32f30x_tim.o(i.TIM_ForcedOC5Config), (12 bytes).
    Removing stm32f30x_tim.o(i.TIM_ForcedOC6Config), (14 bytes).
    Removing stm32f30x_tim.o(i.TIM_GenerateEvent), (4 bytes).
    Removing stm32f30x_tim.o(i.TIM_GetCapture1), (4 bytes).
    Removing stm32f30x_tim.o(i.TIM_GetCapture2), (4 bytes).
    Removing stm32f30x_tim.o(i.TIM_GetCapture3), (4 bytes).
    Removing stm32f30x_tim.o(i.TIM_GetCapture4), (4 bytes).
    Removing stm32f30x_tim.o(i.TIM_GetCounter), (4 bytes).
    Removing stm32f30x_tim.o(i.TIM_GetFlagStatus), (14 bytes).
    Removing stm32f30x_tim.o(i.TIM_GetITStatus), (24 bytes).
    Removing stm32f30x_tim.o(i.TIM_GetPrescaler), (4 bytes).
    Removing stm32f30x_tim.o(i.TIM_ICInit), (184 bytes).
    Removing stm32f30x_tim.o(i.TIM_ICStructInit), (16 bytes).
    Removing stm32f30x_tim.o(i.TIM_ITConfig), (20 bytes).
    Removing stm32f30x_tim.o(i.TIM_ITRxExternalClockConfig), (18 bytes).
    Removing stm32f30x_tim.o(i.TIM_InternalClockConfig), (12 bytes).
    Removing stm32f30x_tim.o(i.TIM_OC1FastConfig), (12 bytes).
    Removing stm32f30x_tim.o(i.TIM_OC1Init), (136 bytes).
    Removing stm32f30x_tim.o(i.TIM_OC1NPolarityConfig), (12 bytes).
    Removing stm32f30x_tim.o(i.TIM_OC1PolarityConfig), (12 bytes).
    Removing stm32f30x_tim.o(i.TIM_OC1PreloadConfig), (12 bytes).
    Removing stm32f30x_tim.o(i.TIM_OC2FastConfig), (14 bytes).
    Removing stm32f30x_tim.o(i.TIM_OC2Init), (120 bytes).
    Removing stm32f30x_tim.o(i.TIM_OC2NPolarityConfig), (14 bytes).
    Removing stm32f30x_tim.o(i.TIM_OC2PolarityConfig), (14 bytes).
    Removing stm32f30x_tim.o(i.TIM_OC2PreloadConfig), (14 bytes).
    Removing stm32f30x_tim.o(i.TIM_OC3FastConfig), (12 bytes).
    Removing stm32f30x_tim.o(i.TIM_OC3Init), (108 bytes).
    Removing stm32f30x_tim.o(i.TIM_OC3NPolarityConfig), (14 bytes).
    Removing stm32f30x_tim.o(i.TIM_OC3PolarityConfig), (14 bytes).
    Removing stm32f30x_tim.o(i.TIM_OC3PreloadConfig), (12 bytes).
    Removing stm32f30x_tim.o(i.TIM_OC4FastConfig), (14 bytes).
    Removing stm32f30x_tim.o(i.TIM_OC4Init), (84 bytes).
    Removing stm32f30x_tim.o(i.TIM_OC4PolarityConfig), (14 bytes).
    Removing stm32f30x_tim.o(i.TIM_OC4PreloadConfig), (14 bytes).
    Removing stm32f30x_tim.o(i.TIM_OC5Init), (84 bytes).
    Removing stm32f30x_tim.o(i.TIM_OC5PolarityConfig), (14 bytes).
    Removing stm32f30x_tim.o(i.TIM_OC5PreloadConfig), (12 bytes).
    Removing stm32f30x_tim.o(i.TIM_OC6Init), (80 bytes).
    Removing stm32f30x_tim.o(i.TIM_OC6PolarityConfig), (14 bytes).
    Removing stm32f30x_tim.o(i.TIM_OC6PreloadConfig), (14 bytes).
    Removing stm32f30x_tim.o(i.TIM_OCStructInit), (20 bytes).
    Removing stm32f30x_tim.o(i.TIM_PWMIConfig), (108 bytes).
    Removing stm32f30x_tim.o(i.TIM_PrescalerConfig), (6 bytes).
    Removing stm32f30x_tim.o(i.TIM_RemapConfig), (6 bytes).
    Removing stm32f30x_tim.o(i.TIM_SelectCCDMA), (22 bytes).
    Removing stm32f30x_tim.o(i.TIM_SelectCOM), (22 bytes).
    Removing stm32f30x_tim.o(i.TIM_SelectGC5C1), (20 bytes).
    Removing stm32f30x_tim.o(i.TIM_SelectGC5C2), (20 bytes).
    Removing stm32f30x_tim.o(i.TIM_SelectGC5C3), (20 bytes).
    Removing stm32f30x_tim.o(i.TIM_SelectHallSensor), (22 bytes).
    Removing stm32f30x_tim.o(i.TIM_SelectInputTrigger), (14 bytes).
    Removing stm32f30x_tim.o(i.TIM_SelectMasterSlaveMode), (18 bytes).
    Removing stm32f30x_tim.o(i.TIM_SelectOCREFClear), (18 bytes).
    Removing stm32f30x_tim.o(i.TIM_SelectOCxM), (76 bytes).
    Removing stm32f30x_tim.o(i.TIM_SelectOnePulseMode), (16 bytes).
    Removing stm32f30x_tim.o(i.TIM_SelectOutputTrigger), (18 bytes).
    Removing stm32f30x_tim.o(i.TIM_SelectOutputTrigger2), (16 bytes).
    Removing stm32f30x_tim.o(i.TIM_SelectSlaveMode), (20 bytes).
    Removing stm32f30x_tim.o(i.TIM_SetAutoreload), (4 bytes).
    Removing stm32f30x_tim.o(i.TIM_SetClockDivision), (16 bytes).
    Removing stm32f30x_tim.o(i.TIM_SetCompare1), (4 bytes).
    Removing stm32f30x_tim.o(i.TIM_SetCompare2), (4 bytes).
    Removing stm32f30x_tim.o(i.TIM_SetCompare3), (4 bytes).
    Removing stm32f30x_tim.o(i.TIM_SetCompare4), (4 bytes).
    Removing stm32f30x_tim.o(i.TIM_SetCompare5), (4 bytes).
    Removing stm32f30x_tim.o(i.TIM_SetCompare6), (4 bytes).
    Removing stm32f30x_tim.o(i.TIM_SetCounter), (4 bytes).
    Removing stm32f30x_tim.o(i.TIM_SetIC1Prescaler), (16 bytes).
    Removing stm32f30x_tim.o(i.TIM_SetIC2Prescaler), (18 bytes).
    Removing stm32f30x_tim.o(i.TIM_SetIC3Prescaler), (18 bytes).
    Removing stm32f30x_tim.o(i.TIM_SetIC4Prescaler), (26 bytes).
    Removing stm32f30x_tim.o(i.TIM_TIxExternalClockConfig), (46 bytes).
    Removing stm32f30x_tim.o(i.TIM_TimeBaseInit), (144 bytes).
    Removing stm32f30x_tim.o(i.TIM_TimeBaseStructInit), (18 bytes).
    Removing stm32f30x_tim.o(i.TIM_UIFRemap), (20 bytes).
    Removing stm32f30x_tim.o(i.TIM_UpdateDisableConfig), (20 bytes).
    Removing stm32f30x_tim.o(i.TIM_UpdateRequestConfig), (20 bytes).
    Removing stm32f30x_usart.o(.rev16_text), (4 bytes).
    Removing stm32f30x_usart.o(.revsh_text), (4 bytes).
    Removing stm32f30x_usart.o(i.USART_AddressDetectionConfig), (16 bytes).
    Removing stm32f30x_usart.o(i.USART_AutoBaudRateCmd), (20 bytes).
    Removing stm32f30x_usart.o(i.USART_AutoBaudRateConfig), (16 bytes).
    Removing stm32f30x_usart.o(i.USART_ClearFlag), (4 bytes).
    Removing stm32f30x_usart.o(i.USART_ClearITPendingBit), (10 bytes).
    Removing stm32f30x_usart.o(i.USART_ClockInit), (28 bytes).
    Removing stm32f30x_usart.o(i.USART_ClockStructInit), (12 bytes).
    Removing stm32f30x_usart.o(i.USART_Cmd), (20 bytes).
    Removing stm32f30x_usart.o(i.USART_DECmd), (20 bytes).
    Removing stm32f30x_usart.o(i.USART_DEPolarityConfig), (16 bytes).
    Removing stm32f30x_usart.o(i.USART_DMACmd), (16 bytes).
    Removing stm32f30x_usart.o(i.USART_DMAReceptionErrorConfig), (16 bytes).
    Removing stm32f30x_usart.o(i.USART_DataInvCmd), (20 bytes).
    Removing stm32f30x_usart.o(i.USART_DeInit), (116 bytes).
    Removing stm32f30x_usart.o(i.USART_DirectionModeCmd), (16 bytes).
    Removing stm32f30x_usart.o(i.USART_GetFlagStatus), (14 bytes).
    Removing stm32f30x_usart.o(i.USART_GetITStatus), (58 bytes).
    Removing stm32f30x_usart.o(i.USART_HalfDuplexCmd), (20 bytes).
    Removing stm32f30x_usart.o(i.USART_ITConfig), (40 bytes).
    Removing stm32f30x_usart.o(i.USART_Init), (200 bytes).
    Removing stm32f30x_usart.o(i.USART_InvPinCmd), (16 bytes).
    Removing stm32f30x_usart.o(i.USART_IrDACmd), (20 bytes).
    Removing stm32f30x_usart.o(i.USART_IrDAConfig), (16 bytes).
    Removing stm32f30x_usart.o(i.USART_LINBreakDetectLengthConfig), (16 bytes).
    Removing stm32f30x_usart.o(i.USART_LINCmd), (20 bytes).
    Removing stm32f30x_usart.o(i.USART_MSBFirstCmd), (20 bytes).
    Removing stm32f30x_usart.o(i.USART_MuteModeCmd), (20 bytes).
    Removing stm32f30x_usart.o(i.USART_MuteModeWakeUpConfig), (16 bytes).
    Removing stm32f30x_usart.o(i.USART_OneBitMethodCmd), (20 bytes).
    Removing stm32f30x_usart.o(i.USART_OverSampling8Cmd), (20 bytes).
    Removing stm32f30x_usart.o(i.USART_OverrunDetectionConfig), (16 bytes).
    Removing stm32f30x_usart.o(i.USART_ReceiveData), (8 bytes).
    Removing stm32f30x_usart.o(i.USART_ReceiverTimeOutCmd), (20 bytes).
    Removing stm32f30x_usart.o(i.USART_RequestCmd), (16 bytes).
    Removing stm32f30x_usart.o(i.USART_STOPModeCmd), (20 bytes).
    Removing stm32f30x_usart.o(i.USART_SWAPPinCmd), (20 bytes).
    Removing stm32f30x_usart.o(i.USART_SendData), (8 bytes).
    Removing stm32f30x_usart.o(i.USART_SetAddress), (18 bytes).
    Removing stm32f30x_usart.o(i.USART_SetAutoRetryCount), (18 bytes).
    Removing stm32f30x_usart.o(i.USART_SetBlockLength), (18 bytes).
    Removing stm32f30x_usart.o(i.USART_SetDEAssertionTime), (18 bytes).
    Removing stm32f30x_usart.o(i.USART_SetDEDeassertionTime), (18 bytes).
    Removing stm32f30x_usart.o(i.USART_SetGuardTime), (16 bytes).
    Removing stm32f30x_usart.o(i.USART_SetPrescaler), (16 bytes).
    Removing stm32f30x_usart.o(i.USART_SetReceiverTimeOut), (16 bytes).
    Removing stm32f30x_usart.o(i.USART_SmartCardCmd), (20 bytes).
    Removing stm32f30x_usart.o(i.USART_SmartCardNACKCmd), (20 bytes).
    Removing stm32f30x_usart.o(i.USART_StopModeWakeUpSourceConfig), (16 bytes).
    Removing stm32f30x_usart.o(i.USART_StructInit), (22 bytes).
    Removing stm32f30x_wwdg.o(.rev16_text), (4 bytes).
    Removing stm32f30x_wwdg.o(.revsh_text), (4 bytes).
    Removing stm32f30x_wwdg.o(i.WWDG_ClearFlag), (12 bytes).
    Removing stm32f30x_wwdg.o(i.WWDG_DeInit), (24 bytes).
    Removing stm32f30x_wwdg.o(i.WWDG_Enable), (16 bytes).
    Removing stm32f30x_wwdg.o(i.WWDG_EnableIT), (16 bytes).
    Removing stm32f30x_wwdg.o(i.WWDG_GetFlagStatus), (20 bytes).
    Removing stm32f30x_wwdg.o(i.WWDG_SetCounter), (16 bytes).
    Removing stm32f30x_wwdg.o(i.WWDG_SetPrescaler), (20 bytes).
    Removing stm32f30x_wwdg.o(i.WWDG_SetWindowValue), (28 bytes).
    Removing stm32f3348_discovery.o(.rev16_text), (4 bytes).
    Removing stm32f3348_discovery.o(.revsh_text), (4 bytes).
    Removing main.o(.rev16_text), (4 bytes).
    Removing main.o(.revsh_text), (4 bytes).
    Removing main.o(.bss), (80 bytes).
    Removing stm32f3xx_it.o(.rev16_text), (4 bytes).
    Removing stm32f3xx_it.o(.revsh_text), (4 bytes).
    Removing system_stm32f30x.o(.rev16_text), (4 bytes).
    Removing system_stm32f30x.o(.revsh_text), (4 bytes).
    Removing system_stm32f30x.o(i.SystemCoreClockUpdate), (108 bytes).

672 unused section(s) (total 22408 bytes) removed from the image.

==============================================================================

Image Symbol Table

    Local Symbols

    Symbol Name                              Value     Ov Type        Size  Object(Section)

    ../clib/microlib/init/entry.s            0x00000000   Number         0  entry9a.o ABSOLUTE
    ../clib/microlib/init/entry.s            0x00000000   Number         0  entry11a.o ABSOLUTE
    ../clib/microlib/init/entry.s            0x00000000   Number         0  entry10b.o ABSOLUTE
    ../clib/microlib/init/entry.s            0x00000000   Number         0  entry8a.o ABSOLUTE
    ../clib/microlib/init/entry.s            0x00000000   Number         0  entry10a.o ABSOLUTE
    ../clib/microlib/init/entry.s            0x00000000   Number         0  entry9b.o ABSOLUTE
    ../clib/microlib/init/entry.s            0x00000000   Number         0  entry8b.o ABSOLUTE
    ../clib/microlib/init/entry.s            0x00000000   Number         0  entry5.o ABSOLUTE
    ../clib/microlib/init/entry.s            0x00000000   Number         0  entry2.o ABSOLUTE
    ../clib/microlib/init/entry.s            0x00000000   Number         0  entry.o ABSOLUTE
    ../clib/microlib/init/entry.s            0x00000000   Number         0  entry7a.o ABSOLUTE
    ../clib/microlib/init/entry.s            0x00000000   Number         0  entry7b.o ABSOLUTE
    ../clib/microlib/init/entry.s            0x00000000   Number         0  entry11b.o ABSOLUTE
    ..\..\..\..\Libraries\CMSIS\Device\ST\STM32F30x\Source\Templates\arm\startup_stm32f334x8.s 0x00000000   Number         0  startup_stm32f334x8.o ABSOLUTE
    ..\..\..\..\Libraries\STM32F30x_StdPeriph_Driver\src\stm32f30x_adc.c 0x00000000   Number         0  stm32f30x_adc.o ABSOLUTE
    ..\..\..\..\Libraries\STM32F30x_StdPeriph_Driver\src\stm32f30x_can.c 0x00000000   Number         0  stm32f30x_can.o ABSOLUTE
    ..\..\..\..\Libraries\STM32F30x_StdPeriph_Driver\src\stm32f30x_comp.c 0x00000000   Number         0  stm32f30x_comp.o ABSOLUTE
    ..\..\..\..\Libraries\STM32F30x_StdPeriph_Driver\src\stm32f30x_crc.c 0x00000000   Number         0  stm32f30x_crc.o ABSOLUTE
    ..\..\..\..\Libraries\STM32F30x_StdPeriph_Driver\src\stm32f30x_dac.c 0x00000000   Number         0  stm32f30x_dac.o ABSOLUTE
    ..\..\..\..\Libraries\STM32F30x_StdPeriph_Driver\src\stm32f30x_dbgmcu.c 0x00000000   Number         0  stm32f30x_dbgmcu.o ABSOLUTE
    ..\..\..\..\Libraries\STM32F30x_StdPeriph_Driver\src\stm32f30x_dma.c 0x00000000   Number         0  stm32f30x_dma.o ABSOLUTE
    ..\..\..\..\Libraries\STM32F30x_StdPeriph_Driver\src\stm32f30x_exti.c 0x00000000   Number         0  stm32f30x_exti.o ABSOLUTE
    ..\..\..\..\Libraries\STM32F30x_StdPeriph_Driver\src\stm32f30x_flash.c 0x00000000   Number         0  stm32f30x_flash.o ABSOLUTE
    ..\..\..\..\Libraries\STM32F30x_StdPeriph_Driver\src\stm32f30x_gpio.c 0x00000000   Number         0  stm32f30x_gpio.o ABSOLUTE
    ..\..\..\..\Libraries\STM32F30x_StdPeriph_Driver\src\stm32f30x_hrtim.c 0x00000000   Number         0  stm32f30x_hrtim.o ABSOLUTE
    ..\..\..\..\Libraries\STM32F30x_StdPeriph_Driver\src\stm32f30x_i2c.c 0x00000000   Number         0  stm32f30x_i2c.o ABSOLUTE
    ..\..\..\..\Libraries\STM32F30x_StdPeriph_Driver\src\stm32f30x_iwdg.c 0x00000000   Number         0  stm32f30x_iwdg.o ABSOLUTE
    ..\..\..\..\Libraries\STM32F30x_StdPeriph_Driver\src\stm32f30x_misc.c 0x00000000   Number         0  stm32f30x_misc.o ABSOLUTE
    ..\..\..\..\Libraries\STM32F30x_StdPeriph_Driver\src\stm32f30x_opamp.c 0x00000000   Number         0  stm32f30x_opamp.o ABSOLUTE
    ..\..\..\..\Libraries\STM32F30x_StdPeriph_Driver\src\stm32f30x_pwr.c 0x00000000   Number         0  stm32f30x_pwr.o ABSOLUTE
    ..\..\..\..\Libraries\STM32F30x_StdPeriph_Driver\src\stm32f30x_rcc.c 0x00000000   Number         0  stm32f30x_rcc.o ABSOLUTE
    ..\..\..\..\Libraries\STM32F30x_StdPeriph_Driver\src\stm32f30x_rtc.c 0x00000000   Number         0  stm32f30x_rtc.o ABSOLUTE
    ..\..\..\..\Libraries\STM32F30x_StdPeriph_Driver\src\stm32f30x_spi.c 0x00000000   Number         0  stm32f30x_spi.o ABSOLUTE
    ..\..\..\..\Libraries\STM32F30x_StdPeriph_Driver\src\stm32f30x_syscfg.c 0x00000000   Number         0  stm32f30x_syscfg.o ABSOLUTE
    ..\..\..\..\Libraries\STM32F30x_StdPeriph_Driver\src\stm32f30x_tim.c 0x00000000   Number         0  stm32f30x_tim.o ABSOLUTE
    ..\..\..\..\Libraries\STM32F30x_StdPeriph_Driver\src\stm32f30x_usart.c 0x00000000   Number         0  stm32f30x_usart.o ABSOLUTE
    ..\..\..\..\Libraries\STM32F30x_StdPeriph_Driver\src\stm32f30x_wwdg.c 0x00000000   Number         0  stm32f30x_wwdg.o ABSOLUTE
    ..\..\..\..\Utilities\STM32F3348-Discovery\stm32f3348_discovery.c 0x00000000   Number         0  stm32f3348_discovery.o ABSOLUTE
    ..\\..\\..\\..\\Libraries\\STM32F30x_StdPeriph_Driver\\src\\stm32f30x_adc.c 0x00000000   Number         0  stm32f30x_adc.o ABSOLUTE
    ..\\..\\..\\..\\Libraries\\STM32F30x_StdPeriph_Driver\\src\\stm32f30x_can.c 0x00000000   Number         0  stm32f30x_can.o ABSOLUTE
    ..\\..\\..\\..\\Libraries\\STM32F30x_StdPeriph_Driver\\src\\stm32f30x_comp.c 0x00000000   Number         0  stm32f30x_comp.o ABSOLUTE
    ..\\..\\..\\..\\Libraries\\STM32F30x_StdPeriph_Driver\\src\\stm32f30x_crc.c 0x00000000   Number         0  stm32f30x_crc.o ABSOLUTE
    ..\\..\\..\\..\\Libraries\\STM32F30x_StdPeriph_Driver\\src\\stm32f30x_dac.c 0x00000000   Number         0  stm32f30x_dac.o ABSOLUTE
    ..\\..\\..\\..\\Libraries\\STM32F30x_StdPeriph_Driver\\src\\stm32f30x_dbgmcu.c 0x00000000   Number         0  stm32f30x_dbgmcu.o ABSOLUTE
    ..\\..\\..\\..\\Libraries\\STM32F30x_StdPeriph_Driver\\src\\stm32f30x_dma.c 0x00000000   Number         0  stm32f30x_dma.o ABSOLUTE
    ..\\..\\..\\..\\Libraries\\STM32F30x_StdPeriph_Driver\\src\\stm32f30x_exti.c 0x00000000   Number         0  stm32f30x_exti.o ABSOLUTE
    ..\\..\\..\\..\\Libraries\\STM32F30x_StdPeriph_Driver\\src\\stm32f30x_flash.c 0x00000000   Number         0  stm32f30x_flash.o ABSOLUTE
    ..\\..\\..\\..\\Libraries\\STM32F30x_StdPeriph_Driver\\src\\stm32f30x_gpio.c 0x00000000   Number         0  stm32f30x_gpio.o ABSOLUTE
    ..\\..\\..\\..\\Libraries\\STM32F30x_StdPeriph_Driver\\src\\stm32f30x_hrtim.c 0x00000000   Number         0  stm32f30x_hrtim.o ABSOLUTE
    ..\\..\\..\\..\\Libraries\\STM32F30x_StdPeriph_Driver\\src\\stm32f30x_i2c.c 0x00000000   Number         0  stm32f30x_i2c.o ABSOLUTE
    ..\\..\\..\\..\\Libraries\\STM32F30x_StdPeriph_Driver\\src\\stm32f30x_iwdg.c 0x00000000   Number         0  stm32f30x_iwdg.o ABSOLUTE
    ..\\..\\..\\..\\Libraries\\STM32F30x_StdPeriph_Driver\\src\\stm32f30x_misc.c 0x00000000   Number         0  stm32f30x_misc.o ABSOLUTE
    ..\\..\\..\\..\\Libraries\\STM32F30x_StdPeriph_Driver\\src\\stm32f30x_opamp.c 0x00000000   Number         0  stm32f30x_opamp.o ABSOLUTE
    ..\\..\\..\\..\\Libraries\\STM32F30x_StdPeriph_Driver\\src\\stm32f30x_pwr.c 0x00000000   Number         0  stm32f30x_pwr.o ABSOLUTE
    ..\\..\\..\\..\\Libraries\\STM32F30x_StdPeriph_Driver\\src\\stm32f30x_rcc.c 0x00000000   Number         0  stm32f30x_rcc.o ABSOLUTE
    ..\\..\\..\\..\\Libraries\\STM32F30x_StdPeriph_Driver\\src\\stm32f30x_rtc.c 0x00000000   Number         0  stm32f30x_rtc.o ABSOLUTE
    ..\\..\\..\\..\\Libraries\\STM32F30x_StdPeriph_Driver\\src\\stm32f30x_spi.c 0x00000000   Number         0  stm32f30x_spi.o ABSOLUTE
    ..\\..\\..\\..\\Libraries\\STM32F30x_StdPeriph_Driver\\src\\stm32f30x_syscfg.c 0x00000000   Number         0  stm32f30x_syscfg.o ABSOLUTE
    ..\\..\\..\\..\\Libraries\\STM32F30x_StdPeriph_Driver\\src\\stm32f30x_tim.c 0x00000000   Number         0  stm32f30x_tim.o ABSOLUTE
    ..\\..\\..\\..\\Libraries\\STM32F30x_StdPeriph_Driver\\src\\stm32f30x_usart.c 0x00000000   Number         0  stm32f30x_usart.o ABSOLUTE
    ..\\..\\..\\..\\Libraries\\STM32F30x_StdPeriph_Driver\\src\\stm32f30x_wwdg.c 0x00000000   Number         0  stm32f30x_wwdg.o ABSOLUTE
    ..\\..\\..\\..\\Utilities\\STM32F3348-Discovery\\stm32f3348_discovery.c 0x00000000   Number         0  stm32f3348_discovery.o ABSOLUTE
    ..\\main.c                               0x00000000   Number         0  main.o ABSOLUTE
    ..\\stm32f3xx_it.c                       0x00000000   Number         0  stm32f3xx_it.o ABSOLUTE
    ..\\system_stm32f30x.c                   0x00000000   Number         0  system_stm32f30x.o ABSOLUTE
    ..\main.c                                0x00000000   Number         0  main.o ABSOLUTE
    ..\stm32f3xx_it.c                        0x00000000   Number         0  stm32f3xx_it.o ABSOLUTE
    ..\system_stm32f30x.c                    0x00000000   Number         0  system_stm32f30x.o ABSOLUTE
    dc.s                                     0x00000000   Number         0  dc.o ABSOLUTE
    handlers.s                               0x00000000   Number         0  handlers.o ABSOLUTE
    init.s                                   0x00000000   Number         0  init.o ABSOLUTE
    RESET                                    0x08000000   Section      392  startup_stm32f334x8.o(RESET)
    .ARM.Collect$$$$00000000                 0x08000188   Section        0  entry.o(.ARM.Collect$$$$00000000)
    .ARM.Collect$$$$00000001                 0x08000188   Section        4  entry2.o(.ARM.Collect$$$$00000001)
    .ARM.Collect$$$$00000004                 0x0800018c   Section        4  entry5.o(.ARM.Collect$$$$00000004)
    .ARM.Collect$$$$00000008                 0x08000190   Section        0  entry7b.o(.ARM.Collect$$$$00000008)
    .ARM.Collect$$$$0000000A                 0x08000190   Section        0  entry8b.o(.ARM.Collect$$$$0000000A)
    .ARM.Collect$$$$0000000B                 0x08000190   Section        8  entry9a.o(.ARM.Collect$$$$0000000B)
    .ARM.Collect$$$$0000000D                 0x08000198   Section        0  entry10a.o(.ARM.Collect$$$$0000000D)
    .ARM.Collect$$$$0000000F                 0x08000198   Section        0  entry11a.o(.ARM.Collect$$$$0000000F)
    .ARM.Collect$$$$00002712                 0x08000198   Section        4  entry2.o(.ARM.Collect$$$$00002712)
    __lit__00000000                          0x08000198   Data           4  entry2.o(.ARM.Collect$$$$00002712)
    .text                                    0x0800019c   Section       36  startup_stm32f334x8.o(.text)
    .text                                    0x080001c0   Section       36  init.o(.text)
    i.ADC_Cmd                                0x080001e4   Section        0  stm32f30x_adc.o(i.ADC_Cmd)
    i.ADC_CommonInit                         0x080001f8   Section        0  stm32f30x_adc.o(i.ADC_CommonInit)
    i.ADC_Config                             0x0800024c   Section        0  main.o(i.ADC_Config)
    ADC_Config                               0x0800024d   Thumb Code   222  main.o(i.ADC_Config)
    i.ADC_GetCalibrationStatus               0x0800032a   Section        0  stm32f30x_adc.o(i.ADC_GetCalibrationStatus)
    i.ADC_GetFlagStatus                      0x08000338   Section        0  stm32f30x_adc.o(i.ADC_GetFlagStatus)
    i.ADC_GetInjectedConversionValue         0x08000346   Section        0  stm32f30x_adc.o(i.ADC_GetInjectedConversionValue)
    i.ADC_Init                               0x08000358   Section        0  stm32f30x_adc.o(i.ADC_Init)
    i.ADC_InjectedChannelSampleTimeConfig    0x08000394   Section        0  stm32f30x_adc.o(i.ADC_InjectedChannelSampleTimeConfig)
    i.ADC_InjectedInit                       0x080003d2   Section        0  stm32f30x_adc.o(i.ADC_InjectedInit)
    i.ADC_SelectCalibrationMode              0x080003fe   Section        0  stm32f30x_adc.o(i.ADC_SelectCalibrationMode)
    i.ADC_StartCalibration                   0x0800040e   Section        0  stm32f30x_adc.o(i.ADC_StartCalibration)
    i.ADC_StartInjectedConversion            0x08000418   Section        0  stm32f30x_adc.o(i.ADC_StartInjectedConversion)
    i.ADC_VoltageRegulatorCmd                0x08000422   Section        0  stm32f30x_adc.o(i.ADC_VoltageRegulatorCmd)
    i.BusFault_Handler                       0x0800043e   Section        0  stm32f3xx_it.o(i.BusFault_Handler)
    i.DebugMon_Handler                       0x08000440   Section        0  stm32f3xx_it.o(i.DebugMon_Handler)
    i.Delay                                  0x08000444   Section        0  main.o(i.Delay)
    i.EXTI_Init                              0x08000458   Section        0  stm32f30x_exti.o(i.EXTI_Init)
    i.GPIO_HRTIM_outputs_Config              0x08000550   Section        0  main.o(i.GPIO_HRTIM_outputs_Config)
    GPIO_HRTIM_outputs_Config                0x08000551   Thumb Code   106  main.o(i.GPIO_HRTIM_outputs_Config)
    i.GPIO_Init                              0x080005c0   Section        0  stm32f30x_gpio.o(i.GPIO_Init)
    i.GPIO_PinAFConfig                       0x08000634   Section        0  stm32f30x_gpio.o(i.GPIO_PinAFConfig)
    i.GPIO_ReadInputDataBit                  0x08000654   Section        0  stm32f30x_gpio.o(i.GPIO_ReadInputDataBit)
    i.GPIO_SetBits                           0x08000662   Section        0  stm32f30x_gpio.o(i.GPIO_SetBits)
    i.HRTIM1_TIMA_IRQHandler                 0x08000668   Section        0  stm32f3xx_it.o(i.HRTIM1_TIMA_IRQHandler)
    i.HRTIM_ClearCommonITPendingBit          0x08000690   Section        0  stm32f30x_hrtim.o(i.HRTIM_ClearCommonITPendingBit)
    i.HRTIM_ClearITPendingBit                0x0800069c   Section        0  stm32f30x_hrtim.o(i.HRTIM_ClearITPendingBit)
    i.HRTIM_Config                           0x080006c0   Section        0  main.o(i.HRTIM_Config)
    HRTIM_Config                             0x080006c1   Thumb Code   308  main.o(i.HRTIM_Config)
    i.HRTIM_DLLCalibrationStart              0x080007fc   Section        0  stm32f30x_hrtim.o(i.HRTIM_DLLCalibrationStart)
    i.HRTIM_DeadTimeConfig                   0x08000820   Section        0  stm32f30x_hrtim.o(i.HRTIM_DeadTimeConfig)
    i.HRTIM_FaultConfig                      0x0800085c   Section        0  stm32f30x_hrtim.o(i.HRTIM_FaultConfig)
    i.HRTIM_FaultModeCtl                     0x0800090e   Section        0  stm32f30x_hrtim.o(i.HRTIM_FaultModeCtl)
    i.HRTIM_GetCommonFlagStatus              0x08000968   Section        0  stm32f30x_hrtim.o(i.HRTIM_GetCommonFlagStatus)
    i.HRTIM_ITConfig                         0x08000978   Section        0  stm32f30x_hrtim.o(i.HRTIM_ITConfig)
    i.HRTIM_MasterBase_Config                0x080009aa   Section        0  stm32f30x_hrtim.o(i.HRTIM_MasterBase_Config)
    HRTIM_MasterBase_Config                  0x080009ab   Thumb Code    42  stm32f30x_hrtim.o(i.HRTIM_MasterBase_Config)
    i.HRTIM_OutputConfig                     0x080009d4   Section        0  stm32f30x_hrtim.o(i.HRTIM_OutputConfig)
    HRTIM_OutputConfig                       0x080009d5   Thumb Code   142  stm32f30x_hrtim.o(i.HRTIM_OutputConfig)
    i.HRTIM_TimingUnitBase_Config            0x08000a62   Section        0  stm32f30x_hrtim.o(i.HRTIM_TimingUnitBase_Config)
    HRTIM_TimingUnitBase_Config              0x08000a63   Thumb Code    48  stm32f30x_hrtim.o(i.HRTIM_TimingUnitBase_Config)
    i.HRTIM_TimingUnitWaveform_Config        0x08000a92   Section        0  stm32f30x_hrtim.o(i.HRTIM_TimingUnitWaveform_Config)
    HRTIM_TimingUnitWaveform_Config          0x08000a93   Thumb Code   160  stm32f30x_hrtim.o(i.HRTIM_TimingUnitWaveform_Config)
    i.HRTIM_WaveformCompareConfig            0x08000b34   Section        0  stm32f30x_hrtim.o(i.HRTIM_WaveformCompareConfig)
    i.HRTIM_WaveformCounterStart             0x08000bae   Section        0  stm32f30x_hrtim.o(i.HRTIM_WaveformCounterStart)
    i.HRTIM_WaveformOutputConfig             0x08000bb6   Section        0  stm32f30x_hrtim.o(i.HRTIM_WaveformOutputConfig)
    i.HRTIM_WaveformOutputStart              0x08000bba   Section        0  stm32f30x_hrtim.o(i.HRTIM_WaveformOutputStart)
    i.HRTIM_WaveformTimerConfig              0x08000bc0   Section        0  stm32f30x_hrtim.o(i.HRTIM_WaveformTimerConfig)
    i.HRTIM_Waveform_Init                    0x08000c18   Section        0  stm32f30x_hrtim.o(i.HRTIM_Waveform_Init)
    i.HardFault_Handler                      0x08000c8c   Section        0  stm32f3xx_it.o(i.HardFault_Handler)
    i.MemManage_Handler                      0x08000c8e   Section        0  stm32f3xx_it.o(i.MemManage_Handler)
    i.NMI_Handler                            0x08000c90   Section        0  stm32f3xx_it.o(i.NMI_Handler)
    i.NVIC_Init                              0x08000c94   Section        0  stm32f30x_misc.o(i.NVIC_Init)
    i.PendSV_Handler                         0x08000cf8   Section        0  stm32f3xx_it.o(i.PendSV_Handler)
    i.RCC_ADCCLKConfig                       0x08000cfc   Section        0  stm32f30x_rcc.o(i.RCC_ADCCLKConfig)
    i.RCC_AHBPeriphClockCmd                  0x08000d1c   Section        0  stm32f30x_rcc.o(i.RCC_AHBPeriphClockCmd)
    i.RCC_APB2PeriphClockCmd                 0x08000d34   Section        0  stm32f30x_rcc.o(i.RCC_APB2PeriphClockCmd)
    i.RCC_HRTIM1CLKConfig                    0x08000d4c   Section        0  stm32f30x_rcc.o(i.RCC_HRTIM1CLKConfig)
    i.STM_EVAL_LEDInit                       0x08000d64   Section        0  stm32f3348_discovery.o(i.STM_EVAL_LEDInit)
    i.STM_EVAL_LEDOff                        0x08000dac   Section        0  stm32f3348_discovery.o(i.STM_EVAL_LEDOff)
    i.STM_EVAL_LEDOn                         0x08000dc4   Section        0  stm32f3348_discovery.o(i.STM_EVAL_LEDOn)
    i.STM_EVAL_LEDToggle                     0x08000ddc   Section        0  stm32f3348_discovery.o(i.STM_EVAL_LEDToggle)
    i.STM_EVAL_PBGetState                    0x08000df8   Section        0  stm32f3348_discovery.o(i.STM_EVAL_PBGetState)
    i.STM_EVAL_PBInit                        0x08000e10   Section        0  stm32f3348_discovery.o(i.STM_EVAL_PBInit)
    i.SVC_Handler                            0x08000eac   Section        0  stm32f3xx_it.o(i.SVC_Handler)
    i.SYSCFG_EXTILineConfig                  0x08000eb0   Section        0  stm32f30x_syscfg.o(i.SYSCFG_EXTILineConfig)
    i.SetSysClock                            0x08000ed8   Section        0  system_stm32f30x.o(i.SetSysClock)
    SetSysClock                              0x08000ed9   Thumb Code   148  system_stm32f30x.o(i.SetSysClock)
    i.SysTick_Handler                        0x08000f74   Section        0  stm32f3xx_it.o(i.SysTick_Handler)
    i.SystemInit                             0x08000f78   Section        0  system_stm32f30x.o(i.SystemInit)
    i.TimingDelay_Decrement                  0x08000fd4   Section        0  main.o(i.TimingDelay_Decrement)
    i.UsageFault_Handler                     0x08000fe8   Section        0  stm32f3xx_it.o(i.UsageFault_Handler)
    i.__scatterload_copy                     0x08000fea   Section       14  handlers.o(i.__scatterload_copy)
    i.__scatterload_null                     0x08000ff8   Section        2  handlers.o(i.__scatterload_null)
    i.__scatterload_zeroinit                 0x08000ffa   Section       14  handlers.o(i.__scatterload_zeroinit)
    i.main                                   0x08001008   Section        0  main.o(i.main)
    .constdata                               0x08001144   Section       36  stm32f3348_discovery.o(.constdata)
    .data                                    0x20000000   Section       20  stm32f3348_discovery.o(.data)
    .data                                    0x20000014   Section       28  main.o(.data)
    GPIO_InitStructure                       0x20000020   Data           8  main.o(.data)
    GPIO_InitStructure                       0x20000028   Data           8  main.o(.data)
    .data                                    0x20000030   Section       20  system_stm32f30x.o(.data)
    STACK                                    0x20000048   Section     1024  startup_stm32f334x8.o(STACK)

    Global Symbols

    Symbol Name                              Value     Ov Type        Size  Object(Section)

    BuildAttributes$$THM_ISAv4$E$P$D$K$B$S$7EM$PE$A:L22UL41UL21$X:L11$S22US41US21$IEEE1$IW$USESV6$~STKCKD$USESV7$~SHL$OSPACE$EBA8$MICROLIB$REQ8$PRES8$EABIv2 0x00000000   Number         0  anon$$obj.o ABSOLUTE
    __ARM_use_no_argv                        0x00000000   Number         0  main.o ABSOLUTE
    __cpp_initialize__aeabi_                  - Undefined Weak Reference
    __cxa_finalize                            - Undefined Weak Reference
    __decompress                              - Undefined Weak Reference
    _clock_init                               - Undefined Weak Reference
    _microlib_exit                            - Undefined Weak Reference
    __Vectors_Size                           0x00000188   Number         0  startup_stm32f334x8.o ABSOLUTE
    __Vectors                                0x08000000   Data           4  startup_stm32f334x8.o(RESET)
    __Vectors_End                            0x08000188   Data           0  startup_stm32f334x8.o(RESET)
    __main                                   0x08000189   Thumb Code     0  entry.o(.ARM.Collect$$$$00000000)
    _main_stk                                0x08000189   Thumb Code     0  entry2.o(.ARM.Collect$$$$00000001)
    _main_scatterload                        0x0800018d   Thumb Code     0  entry5.o(.ARM.Collect$$$$00000004)
    __main_after_scatterload                 0x08000191   Thumb Code     0  entry5.o(.ARM.Collect$$$$00000004)
    _main_clock                              0x08000191   Thumb Code     0  entry7b.o(.ARM.Collect$$$$00000008)
    _main_cpp_init                           0x08000191   Thumb Code     0  entry8b.o(.ARM.Collect$$$$0000000A)
    _main_init                               0x08000191   Thumb Code     0  entry9a.o(.ARM.Collect$$$$0000000B)
    __rt_final_cpp                           0x08000199   Thumb Code     0  entry10a.o(.ARM.Collect$$$$0000000D)
    __rt_final_exit                          0x08000199   Thumb Code     0  entry11a.o(.ARM.Collect$$$$0000000F)
    Reset_Handler                            0x0800019d   Thumb Code     8  startup_stm32f334x8.o(.text)
    ADC1_2_IRQHandler                        0x080001b7   Thumb Code     0  startup_stm32f334x8.o(.text)
    CAN1_RX0_IRQHandler                      0x080001b7   Thumb Code     0  startup_stm32f334x8.o(.text)
    CAN1_RX1_IRQHandler                      0x080001b7   Thumb Code     0  startup_stm32f334x8.o(.text)
    CAN1_SCE_IRQHandler                      0x080001b7   Thumb Code     0  startup_stm32f334x8.o(.text)
    CAN1_TX_IRQHandler                       0x080001b7   Thumb Code     0  startup_stm32f334x8.o(.text)
    COMP2_IRQHandler                         0x080001b7   Thumb Code     0  startup_stm32f334x8.o(.text)
    COMP4_6_IRQHandler                       0x080001b7   Thumb Code     0  startup_stm32f334x8.o(.text)
    DMA1_Channel1_IRQHandler                 0x080001b7   Thumb Code     0  startup_stm32f334x8.o(.text)
    DMA1_Channel2_IRQHandler                 0x080001b7   Thumb Code     0  startup_stm32f334x8.o(.text)
    DMA1_Channel3_IRQHandler                 0x080001b7   Thumb Code     0  startup_stm32f334x8.o(.text)
    DMA1_Channel4_IRQHandler                 0x080001b7   Thumb Code     0  startup_stm32f334x8.o(.text)
    DMA1_Channel5_IRQHandler                 0x080001b7   Thumb Code     0  startup_stm32f334x8.o(.text)
    DMA1_Channel6_IRQHandler                 0x080001b7   Thumb Code     0  startup_stm32f334x8.o(.text)
    DMA1_Channel7_IRQHandler                 0x080001b7   Thumb Code     0  startup_stm32f334x8.o(.text)
    EXTI0_IRQHandler                         0x080001b7   Thumb Code     0  startup_stm32f334x8.o(.text)
    EXTI15_10_IRQHandler                     0x080001b7   Thumb Code     0  startup_stm32f334x8.o(.text)
    EXTI1_IRQHandler                         0x080001b7   Thumb Code     0  startup_stm32f334x8.o(.text)
    EXTI2_TS_IRQHandler                      0x080001b7   Thumb Code     0  startup_stm32f334x8.o(.text)
    EXTI3_IRQHandler                         0x080001b7   Thumb Code     0  startup_stm32f334x8.o(.text)
    EXTI4_IRQHandler                         0x080001b7   Thumb Code     0  startup_stm32f334x8.o(.text)
    EXTI9_5_IRQHandler                       0x080001b7   Thumb Code     0  startup_stm32f334x8.o(.text)
    FLASH_IRQHandler                         0x080001b7   Thumb Code     0  startup_stm32f334x8.o(.text)
    FPU_IRQHandler                           0x080001b7   Thumb Code     0  startup_stm32f334x8.o(.text)
    HRTIM1_FLT_IRQHandler                    0x080001b7   Thumb Code     0  startup_stm32f334x8.o(.text)
    HRTIM1_Master_IRQHandler                 0x080001b7   Thumb Code     0  startup_stm32f334x8.o(.text)
    HRTIM1_TIMB_IRQHandler                   0x080001b7   Thumb Code     0  startup_stm32f334x8.o(.text)
    HRTIM1_TIMC_IRQHandler                   0x080001b7   Thumb Code     0  startup_stm32f334x8.o(.text)
    HRTIM1_TIMD_IRQHandler                   0x080001b7   Thumb Code     0  startup_stm32f334x8.o(.text)
    HRTIM1_TIME_IRQHandler                   0x080001b7   Thumb Code     0  startup_stm32f334x8.o(.text)
    I2C1_ER_IRQHandler                       0x080001b7   Thumb Code     0  startup_stm32f334x8.o(.text)
    I2C1_EV_IRQHandler                       0x080001b7   Thumb Code     0  startup_stm32f334x8.o(.text)
    PVD_IRQHandler                           0x080001b7   Thumb Code     0  startup_stm32f334x8.o(.text)
    RCC_IRQHandler                           0x080001b7   Thumb Code     0  startup_stm32f334x8.o(.text)
    RTC_Alarm_IRQHandler                     0x080001b7   Thumb Code     0  startup_stm32f334x8.o(.text)
    RTC_WKUP_IRQHandler                      0x080001b7   Thumb Code     0  startup_stm32f334x8.o(.text)
    SPI1_IRQHandler                          0x080001b7   Thumb Code     0  startup_stm32f334x8.o(.text)
    TAMPER_STAMP_IRQHandler                  0x080001b7   Thumb Code     0  startup_stm32f334x8.o(.text)
    TIM1_BRK_TIM15_IRQHandler                0x080001b7   Thumb Code     0  startup_stm32f334x8.o(.text)
    TIM1_CC_IRQHandler                       0x080001b7   Thumb Code     0  startup_stm32f334x8.o(.text)
    TIM1_TRG_COM_TIM17_IRQHandler            0x080001b7   Thumb Code     0  startup_stm32f334x8.o(.text)
    TIM1_UP_TIM16_IRQHandler                 0x080001b7   Thumb Code     0  startup_stm32f334x8.o(.text)
    TIM2_IRQHandler                          0x080001b7   Thumb Code     0  startup_stm32f334x8.o(.text)
    TIM3_IRQHandler                          0x080001b7   Thumb Code     0  startup_stm32f334x8.o(.text)
    TIM6_DAC1_IRQHandler                     0x080001b7   Thumb Code     0  startup_stm32f334x8.o(.text)
    TIM7_DAC2_IRQHandler                     0x080001b7   Thumb Code     0  startup_stm32f334x8.o(.text)
    USART1_IRQHandler                        0x080001b7   Thumb Code     0  startup_stm32f334x8.o(.text)
    USART2_IRQHandler                        0x080001b7   Thumb Code     0  startup_stm32f334x8.o(.text)
    USART3_IRQHandler                        0x080001b7   Thumb Code     0  startup_stm32f334x8.o(.text)
    WWDG_IRQHandler                          0x080001b7   Thumb Code     0  startup_stm32f334x8.o(.text)
    __scatterload                            0x080001c1   Thumb Code    28  init.o(.text)
    __scatterload_rt2                        0x080001c1   Thumb Code     0  init.o(.text)
    ADC_Cmd                                  0x080001e5   Thumb Code    20  stm32f30x_adc.o(i.ADC_Cmd)
    ADC_CommonInit                           0x080001f9   Thumb Code    72  stm32f30x_adc.o(i.ADC_CommonInit)
    ADC_GetCalibrationStatus                 0x0800032b   Thumb Code    14  stm32f30x_adc.o(i.ADC_GetCalibrationStatus)
    ADC_GetFlagStatus                        0x08000339   Thumb Code    14  stm32f30x_adc.o(i.ADC_GetFlagStatus)
    ADC_GetInjectedConversionValue           0x08000347   Thumb Code    16  stm32f30x_adc.o(i.ADC_GetInjectedConversionValue)
    ADC_Init                                 0x08000359   Thumb Code    54  stm32f30x_adc.o(i.ADC_Init)
    ADC_InjectedChannelSampleTimeConfig      0x08000395   Thumb Code    62  stm32f30x_adc.o(i.ADC_InjectedChannelSampleTimeConfig)
    ADC_InjectedInit                         0x080003d3   Thumb Code    44  stm32f30x_adc.o(i.ADC_InjectedInit)
    ADC_SelectCalibrationMode                0x080003ff   Thumb Code    16  stm32f30x_adc.o(i.ADC_SelectCalibrationMode)
    ADC_StartCalibration                     0x0800040f   Thumb Code    10  stm32f30x_adc.o(i.ADC_StartCalibration)
    ADC_StartInjectedConversion              0x08000419   Thumb Code    10  stm32f30x_adc.o(i.ADC_StartInjectedConversion)
    ADC_VoltageRegulatorCmd                  0x08000423   Thumb Code    28  stm32f30x_adc.o(i.ADC_VoltageRegulatorCmd)
    BusFault_Handler                         0x0800043f   Thumb Code     2  stm32f3xx_it.o(i.BusFault_Handler)
    DebugMon_Handler                         0x08000441   Thumb Code     2  stm32f3xx_it.o(i.DebugMon_Handler)
    Delay                                    0x08000445   Thumb Code    16  main.o(i.Delay)
    EXTI_Init                                0x08000459   Thumb Code   240  stm32f30x_exti.o(i.EXTI_Init)
    GPIO_Init                                0x080005c1   Thumb Code   116  stm32f30x_gpio.o(i.GPIO_Init)
    GPIO_PinAFConfig                         0x08000635   Thumb Code    32  stm32f30x_gpio.o(i.GPIO_PinAFConfig)
    GPIO_ReadInputDataBit                    0x08000655   Thumb Code    14  stm32f30x_gpio.o(i.GPIO_ReadInputDataBit)
    GPIO_SetBits                             0x08000663   Thumb Code     4  stm32f30x_gpio.o(i.GPIO_SetBits)
    HRTIM1_TIMA_IRQHandler                   0x08000669   Thumb Code    34  stm32f3xx_it.o(i.HRTIM1_TIMA_IRQHandler)
    HRTIM_ClearCommonITPendingBit            0x08000691   Thumb Code    12  stm32f30x_hrtim.o(i.HRTIM_ClearCommonITPendingBit)
    HRTIM_ClearITPendingBit                  0x0800069d   Thumb Code    36  stm32f30x_hrtim.o(i.HRTIM_ClearITPendingBit)
    HRTIM_DLLCalibrationStart                0x080007fd   Thumb Code    36  stm32f30x_hrtim.o(i.HRTIM_DLLCalibrationStart)
    HRTIM_DeadTimeConfig                     0x08000821   Thumb Code    56  stm32f30x_hrtim.o(i.HRTIM_DeadTimeConfig)
    HRTIM_FaultConfig                        0x0800085d   Thumb Code   178  stm32f30x_hrtim.o(i.HRTIM_FaultConfig)
    HRTIM_FaultModeCtl                       0x0800090f   Thumb Code    90  stm32f30x_hrtim.o(i.HRTIM_FaultModeCtl)
    HRTIM_GetCommonFlagStatus                0x08000969   Thumb Code    16  stm32f30x_hrtim.o(i.HRTIM_GetCommonFlagStatus)
    HRTIM_ITConfig                           0x08000979   Thumb Code    50  stm32f30x_hrtim.o(i.HRTIM_ITConfig)
    HRTIM_WaveformCompareConfig              0x08000b35   Thumb Code   122  stm32f30x_hrtim.o(i.HRTIM_WaveformCompareConfig)
    HRTIM_WaveformCounterStart               0x08000baf   Thumb Code     8  stm32f30x_hrtim.o(i.HRTIM_WaveformCounterStart)
    HRTIM_WaveformOutputConfig               0x08000bb7   Thumb Code     4  stm32f30x_hrtim.o(i.HRTIM_WaveformOutputConfig)
    HRTIM_WaveformOutputStart                0x08000bbb   Thumb Code     6  stm32f30x_hrtim.o(i.HRTIM_WaveformOutputStart)
    HRTIM_WaveformTimerConfig                0x08000bc1   Thumb Code    88  stm32f30x_hrtim.o(i.HRTIM_WaveformTimerConfig)
    HRTIM_Waveform_Init                      0x08000c19   Thumb Code   116  stm32f30x_hrtim.o(i.HRTIM_Waveform_Init)
    HardFault_Handler                        0x08000c8d   Thumb Code     2  stm32f3xx_it.o(i.HardFault_Handler)
    MemManage_Handler                        0x08000c8f   Thumb Code     2  stm32f3xx_it.o(i.MemManage_Handler)
    NMI_Handler                              0x08000c91   Thumb Code     2  stm32f3xx_it.o(i.NMI_Handler)
    NVIC_Init                                0x08000c95   Thumb Code    94  stm32f30x_misc.o(i.NVIC_Init)
    PendSV_Handler                           0x08000cf9   Thumb Code     2  stm32f3xx_it.o(i.PendSV_Handler)
    RCC_ADCCLKConfig                         0x08000cfd   Thumb Code    28  stm32f30x_rcc.o(i.RCC_ADCCLKConfig)
    RCC_AHBPeriphClockCmd                    0x08000d1d   Thumb Code    18  stm32f30x_rcc.o(i.RCC_AHBPeriphClockCmd)
    RCC_APB2PeriphClockCmd                   0x08000d35   Thumb Code    18  stm32f30x_rcc.o(i.RCC_APB2PeriphClockCmd)
    RCC_HRTIM1CLKConfig                      0x08000d4d   Thumb Code    18  stm32f30x_rcc.o(i.RCC_HRTIM1CLKConfig)
    STM_EVAL_LEDInit                         0x08000d65   Thumb Code    62  stm32f3348_discovery.o(i.STM_EVAL_LEDInit)
    STM_EVAL_LEDOff                          0x08000dad   Thumb Code    16  stm32f3348_discovery.o(i.STM_EVAL_LEDOff)
    STM_EVAL_LEDOn                           0x08000dc5   Thumb Code    16  stm32f3348_discovery.o(i.STM_EVAL_LEDOn)
    STM_EVAL_LEDToggle                       0x08000ddd   Thumb Code    20  stm32f3348_discovery.o(i.STM_EVAL_LEDToggle)
    STM_EVAL_PBGetState                      0x08000df9   Thumb Code    16  stm32f3348_discovery.o(i.STM_EVAL_PBGetState)
    STM_EVAL_PBInit                          0x08000e11   Thumb Code   146  stm32f3348_discovery.o(i.STM_EVAL_PBInit)
    SVC_Handler                              0x08000ead   Thumb Code     2  stm32f3xx_it.o(i.SVC_Handler)
    SYSCFG_EXTILineConfig                    0x08000eb1   Thumb Code    34  stm32f30x_syscfg.o(i.SYSCFG_EXTILineConfig)
    SysTick_Handler                          0x08000f75   Thumb Code     4  stm32f3xx_it.o(i.SysTick_Handler)
    SystemInit                               0x08000f79   Thumb Code    70  system_stm32f30x.o(i.SystemInit)
    TimingDelay_Decrement                    0x08000fd5   Thumb Code    16  main.o(i.TimingDelay_Decrement)
    UsageFault_Handler                       0x08000fe9   Thumb Code     2  stm32f3xx_it.o(i.UsageFault_Handler)
    __scatterload_copy                       0x08000feb   Thumb Code    14  handlers.o(i.__scatterload_copy)
    __scatterload_null                       0x08000ff9   Thumb Code     2  handlers.o(i.__scatterload_null)
    __scatterload_zeroinit                   0x08000ffb   Thumb Code    14  handlers.o(i.__scatterload_zeroinit)
    main                                     0x08001009   Thumb Code   300  main.o(i.main)
    BUTTON_PORT_SOURCE                       0x08001144   Data           1  stm32f3348_discovery.o(.constdata)
    BUTTON_PIN_SOURCE                        0x08001145   Data           1  stm32f3348_discovery.o(.constdata)
    BUTTON_IRQn                              0x08001146   Data           1  stm32f3348_discovery.o(.constdata)
    BUTTON_PIN                               0x08001148   Data           2  stm32f3348_discovery.o(.constdata)
    BUTTON_EXTI_LINE                         0x0800114a   Data           2  stm32f3348_discovery.o(.constdata)
    BUTTON_CLK                               0x0800114c   Data           4  stm32f3348_discovery.o(.constdata)
    GPIO_PIN                                 0x08001150   Data           8  stm32f3348_discovery.o(.constdata)
    GPIO_CLK                                 0x08001158   Data          16  stm32f3348_discovery.o(.constdata)
    Region$$Table$$Base                      0x08001168   Number         0  anon$$obj.o(Region$$Table)
    Region$$Table$$Limit                     0x08001188   Number         0  anon$$obj.o(Region$$Table)
    BUTTON_PORT                              0x20000000   Data           4  stm32f3348_discovery.o(.data)
    GPIO_PORT                                0x20000004   Data          16  stm32f3348_discovery.o(.data)
    TimingDelay                              0x20000014   Data           4  main.o(.data)
    Vin                                      0x20000018   Data           4  main.o(.data)
    Vout                                     0x2000001c   Data           4  main.o(.data)
    SystemCoreClock                          0x20000030   Data           4  system_stm32f30x.o(.data)
    AHBPrescTable                            0x20000034   Data          16  system_stm32f30x.o(.data)
    __initial_sp                             0x20000448   Data           0  startup_stm32f334x8.o(STACK)



==============================================================================

Memory Map of the image

  Image Entry point : 0x08000189

  Load Region LR_IROM1 (Base: 0x08000000, Size: 0x000011cc, Max: 0x00010000, ABSOLUTE)

    Execution Region ER_IROM1 (Base: 0x08000000, Size: 0x00001188, Max: 0x00010000, ABSOLUTE)

    Base Addr    Size         Type   Attr      Idx    E Section Name        Object

    0x08000000   0x00000188   Data   RO            3    RESET               startup_stm32f334x8.o
    0x08000188   0x00000000   Code   RO         4709  * .ARM.Collect$$$$00000000  mc_w.l(entry.o)
    0x08000188   0x00000004   Code   RO         4712    .ARM.Collect$$$$00000001  mc_w.l(entry2.o)
    0x0800018c   0x00000004   Code   RO         4715    .ARM.Collect$$$$00000004  mc_w.l(entry5.o)
    0x08000190   0x00000000   Code   RO         4717    .ARM.Collect$$$$00000008  mc_w.l(entry7b.o)
    0x08000190   0x00000000   Code   RO         4719    .ARM.Collect$$$$0000000A  mc_w.l(entry8b.o)
    0x08000190   0x00000008   Code   RO         4720    .ARM.Collect$$$$0000000B  mc_w.l(entry9a.o)
    0x08000198   0x00000000   Code   RO         4722    .ARM.Collect$$$$0000000D  mc_w.l(entry10a.o)
    0x08000198   0x00000000   Code   RO         4724    .ARM.Collect$$$$0000000F  mc_w.l(entry11a.o)
    0x08000198   0x00000004   Code   RO         4713    .ARM.Collect$$$$00002712  mc_w.l(entry2.o)
    0x0800019c   0x00000024   Code   RO            4    .text               startup_stm32f334x8.o
    0x080001c0   0x00000024   Code   RO         4726    .text               mc_w.l(init.o)
    0x080001e4   0x00000014   Code   RO           28    i.ADC_Cmd           stm32f30x_adc.o
    0x080001f8   0x00000054   Code   RO           29    i.ADC_CommonInit    stm32f30x_adc.o
    0x0800024c   0x000000de   Code   RO         4517    i.ADC_Config        main.o
    0x0800032a   0x0000000e   Code   RO           38    i.ADC_GetCalibrationStatus  stm32f30x_adc.o
    0x08000338   0x0000000e   Code   RO           44    i.ADC_GetFlagStatus  stm32f30x_adc.o
    0x08000346   0x00000010   Code   RO           46    i.ADC_GetInjectedConversionValue  stm32f30x_adc.o
    0x08000356   0x00000002   PAD
    0x08000358   0x0000003c   Code   RO           50    i.ADC_Init          stm32f30x_adc.o
    0x08000394   0x0000003e   Code   RO           51    i.ADC_InjectedChannelSampleTimeConfig  stm32f30x_adc.o
    0x080003d2   0x0000002c   Code   RO           53    i.ADC_InjectedInit  stm32f30x_adc.o
    0x080003fe   0x00000010   Code   RO           57    i.ADC_SelectCalibrationMode  stm32f30x_adc.o
    0x0800040e   0x0000000a   Code   RO           65    i.ADC_StartCalibration  stm32f30x_adc.o
    0x08000418   0x0000000a   Code   RO           67    i.ADC_StartInjectedConversion  stm32f30x_adc.o
    0x08000422   0x0000001c   Code   RO           73    i.ADC_VoltageRegulatorCmd  stm32f30x_adc.o
    0x0800043e   0x00000002   Code   RO         4593    i.BusFault_Handler  stm32f3xx_it.o
    0x08000440   0x00000002   Code   RO         4594    i.DebugMon_Handler  stm32f3xx_it.o
    0x08000442   0x00000002   PAD
    0x08000444   0x00000014   Code   RO         4518    i.Delay             main.o
    0x08000458   0x000000f8   Code   RO         1090    i.EXTI_Init         stm32f30x_exti.o
    0x08000550   0x00000070   Code   RO         4519    i.GPIO_HRTIM_outputs_Config  main.o
    0x080005c0   0x00000074   Code   RO         1340    i.GPIO_Init         stm32f30x_gpio.o
    0x08000634   0x00000020   Code   RO         1341    i.GPIO_PinAFConfig  stm32f30x_gpio.o
    0x08000654   0x0000000e   Code   RO         1344    i.GPIO_ReadInputDataBit  stm32f30x_gpio.o
    0x08000662   0x00000004   Code   RO         1348    i.GPIO_SetBits      stm32f30x_gpio.o
    0x08000666   0x00000002   PAD
    0x08000668   0x00000028   Code   RO         4595    i.HRTIM1_TIMA_IRQHandler  stm32f3xx_it.o
    0x08000690   0x0000000c   Code   RO         1440    i.HRTIM_ClearCommonITPendingBit  stm32f30x_hrtim.o
    0x0800069c   0x00000024   Code   RO         1442    i.HRTIM_ClearITPendingBit  stm32f30x_hrtim.o
    0x080006c0   0x0000013c   Code   RO         4520    i.HRTIM_Config      main.o
    0x080007fc   0x00000024   Code   RO         1444    i.HRTIM_DLLCalibrationStart  stm32f30x_hrtim.o
    0x08000820   0x0000003c   Code   RO         1447    i.HRTIM_DeadTimeConfig  stm32f30x_hrtim.o
    0x0800085c   0x000000b2   Code   RO         1451    i.HRTIM_FaultConfig  stm32f30x_hrtim.o
    0x0800090e   0x0000005a   Code   RO         1452    i.HRTIM_FaultModeCtl  stm32f30x_hrtim.o
    0x08000968   0x00000010   Code   RO         1456    i.HRTIM_GetCommonFlagStatus  stm32f30x_hrtim.o
    0x08000978   0x00000032   Code   RO         1464    i.HRTIM_ITConfig    stm32f30x_hrtim.o
    0x080009aa   0x0000002a   Code   RO         1465    i.HRTIM_MasterBase_Config  stm32f30x_hrtim.o
    0x080009d4   0x0000008e   Code   RO         1467    i.HRTIM_OutputConfig  stm32f30x_hrtim.o
    0x08000a62   0x00000030   Code   RO         1494    i.HRTIM_TimingUnitBase_Config  stm32f30x_hrtim.o
    0x08000a92   0x000000a0   Code   RO         1495    i.HRTIM_TimingUnitWaveform_Config  stm32f30x_hrtim.o
    0x08000b32   0x00000002   PAD
    0x08000b34   0x0000007a   Code   RO         1497    i.HRTIM_WaveformCompareConfig  stm32f30x_hrtim.o
    0x08000bae   0x00000008   Code   RO         1498    i.HRTIM_WaveformCounterStart  stm32f30x_hrtim.o
    0x08000bb6   0x00000004   Code   RO         1502    i.HRTIM_WaveformOutputConfig  stm32f30x_hrtim.o
    0x08000bba   0x00000006   Code   RO         1503    i.HRTIM_WaveformOutputStart  stm32f30x_hrtim.o
    0x08000bc0   0x00000058   Code   RO         1506    i.HRTIM_WaveformTimerConfig  stm32f30x_hrtim.o
    0x08000c18   0x00000074   Code   RO         1507    i.HRTIM_Waveform_Init  stm32f30x_hrtim.o
    0x08000c8c   0x00000002   Code   RO         4596    i.HardFault_Handler  stm32f3xx_it.o
    0x08000c8e   0x00000002   Code   RO         4597    i.MemManage_Handler  stm32f3xx_it.o
    0x08000c90   0x00000002   Code   RO         4598    i.NMI_Handler       stm32f3xx_it.o
    0x08000c92   0x00000002   PAD
    0x08000c94   0x00000064   Code   RO         2218    i.NVIC_Init         stm32f30x_misc.o
    0x08000cf8   0x00000002   Code   RO         4599    i.PendSV_Handler    stm32f3xx_it.o
    0x08000cfa   0x00000002   PAD
    0x08000cfc   0x00000020   Code   RO         2449    i.RCC_ADCCLKConfig  stm32f30x_rcc.o
    0x08000d1c   0x00000018   Code   RO         2450    i.RCC_AHBPeriphClockCmd  stm32f30x_rcc.o
    0x08000d34   0x00000018   Code   RO         2454    i.RCC_APB2PeriphClockCmd  stm32f30x_rcc.o
    0x08000d4c   0x00000018   Code   RO         2467    i.RCC_HRTIM1CLKConfig  stm32f30x_rcc.o
    0x08000d64   0x00000048   Code   RO         4409    i.STM_EVAL_LEDInit  stm32f3348_discovery.o
    0x08000dac   0x00000018   Code   RO         4410    i.STM_EVAL_LEDOff   stm32f3348_discovery.o
    0x08000dc4   0x00000018   Code   RO         4411    i.STM_EVAL_LEDOn    stm32f3348_discovery.o
    0x08000ddc   0x0000001c   Code   RO         4412    i.STM_EVAL_LEDToggle  stm32f3348_discovery.o
    0x08000df8   0x00000018   Code   RO         4413    i.STM_EVAL_PBGetState  stm32f3348_discovery.o
    0x08000e10   0x0000009c   Code   RO         4414    i.STM_EVAL_PBInit   stm32f3348_discovery.o
    0x08000eac   0x00000002   Code   RO         4600    i.SVC_Handler       stm32f3xx_it.o
    0x08000eae   0x00000002   PAD
    0x08000eb0   0x00000028   Code   RO         3255    i.SYSCFG_EXTILineConfig  stm32f30x_syscfg.o
    0x08000ed8   0x0000009c   Code   RO         4674    i.SetSysClock       system_stm32f30x.o
    0x08000f74   0x00000004   Code   RO         4601    i.SysTick_Handler   stm32f3xx_it.o
    0x08000f78   0x0000005c   Code   RO         4676    i.SystemInit        system_stm32f30x.o
    0x08000fd4   0x00000014   Code   RO         4521    i.TimingDelay_Decrement  main.o
    0x08000fe8   0x00000002   Code   RO         4602    i.UsageFault_Handler  stm32f3xx_it.o
    0x08000fea   0x0000000e   Code   RO         4730    i.__scatterload_copy  mc_w.l(handlers.o)
    0x08000ff8   0x00000002   Code   RO         4731    i.__scatterload_null  mc_w.l(handlers.o)
    0x08000ffa   0x0000000e   Code   RO         4732    i.__scatterload_zeroinit  mc_w.l(handlers.o)
    0x08001008   0x0000013c   Code   RO         4522    i.main              main.o
    0x08001144   0x00000024   Data   RO         4415    .constdata          stm32f3348_discovery.o
    0x08001168   0x00000020   Data   RO         4728    Region$$Table       anon$$obj.o


    Execution Region RW_IRAM1 (Base: 0x20000000, Size: 0x00000448, Max: 0x00004000, ABSOLUTE)

    Base Addr    Size         Type   Attr      Idx    E Section Name        Object

    0x20000000   0x00000014   Data   RW         4416    .data               stm32f3348_discovery.o
    0x20000014   0x0000001c   Data   RW         4524    .data               main.o
    0x20000030   0x00000014   Data   RW         4677    .data               system_stm32f30x.o
    0x20000044   0x00000004   PAD
    0x20000048   0x00000400   Zero   RW            1    STACK               startup_stm32f334x8.o


==============================================================================

Image component sizes


      Code (inc. data)   RO Data    RW Data    ZI Data      Debug   Object Name

      1006         38          0         28          0     273904   main.o
        36          8        392          0       1024       1000   startup_stm32f334x8.o
       378         18          0          0          0     272050   stm32f30x_adc.o
       248          8          0          0          0       4484   stm32f30x_exti.o
       166          0          0          0          0       8586   stm32f30x_gpio.o
      1214         22          0          0          0      84925   stm32f30x_hrtim.o
       100          6          0          0          0       3240   stm32f30x_misc.o
       104         22          0          0          0       2682   stm32f30x_rcc.o
        40          6          0          0          0        768   stm32f30x_syscfg.o
       328         52         36         20          0     119753   stm32f3348_discovery.o
        60          6          0          0          0       4779   stm32f3xx_it.o
       248         30          0         20          0       1949   system_stm32f30x.o

    ----------------------------------------------------------------------
      3942        216        460         68       1028     778120   Object Totals
         0          0         32          0          0          0   (incl. Generated)
        14          0          0          0          4          0   (incl. Padding)

    ----------------------------------------------------------------------

      Code (inc. data)   RO Data    RW Data    ZI Data      Debug   Library Member Name

         0          0          0          0          0          0   entry.o
         0          0          0          0          0          0   entry10a.o
         0          0          0          0          0          0   entry11a.o
         8          4          0          0          0          0   entry2.o
         4          0          0          0          0          0   entry5.o
         0          0          0          0          0          0   entry7b.o
         0          0          0          0          0          0   entry8b.o
         8          4          0          0          0          0   entry9a.o
        30          0          0          0          0          0   handlers.o
        36          8          0          0          0         68   init.o

    ----------------------------------------------------------------------
        86         16          0          0          0         68   Library Totals
         0          0          0          0          0          0   (incl. Padding)

    ----------------------------------------------------------------------

      Code (inc. data)   RO Data    RW Data    ZI Data      Debug   Library Name

        86         16          0          0          0         68   mc_w.l

    ----------------------------------------------------------------------
        86         16          0          0          0         68   Library Totals

    ----------------------------------------------------------------------

==============================================================================


      Code (inc. data)   RO Data    RW Data    ZI Data      Debug   

      4028        232        460         68       1028     775272   Grand Totals
      4028        232        460         68       1028     775272   ELF Image Totals
      4028        232        460         68          0          0   ROM Totals

==============================================================================

    Total RO  Size (Code + RO Data)                 4488 (   4.38kB)
    Total RW  Size (RW Data + ZI Data)              1096 (   1.07kB)
    Total ROM Size (Code + RO Data + RW Data)       4556 (   4.45kB)

==============================================================================

